Archive member included because of file (symbol)

c:/altera/12.0/nios2eds/bin/gnu/h-i686-mingw32/bin/../lib/gcc/nios2-elf/4.1.2/../../../../nios2-elf/lib\libm.a(lib_a-s_cos.o)
                              obj/default/http.o (cos)
c:/altera/12.0/nios2eds/bin/gnu/h-i686-mingw32/bin/../lib/gcc/nios2-elf/4.1.2/../../../../nios2-elf/lib\libm.a(lib_a-s_sin.o)
                              obj/default/http.o (sin)
c:/altera/12.0/nios2eds/bin/gnu/h-i686-mingw32/bin/../lib/gcc/nios2-elf/4.1.2/../../../../nios2-elf/lib\libm.a(lib_a-e_rem_pio2.o)
                              c:/altera/12.0/nios2eds/bin/gnu/h-i686-mingw32/bin/../lib/gcc/nios2-elf/4.1.2/../../../../nios2-elf/lib\libm.a(lib_a-s_cos.o) (__ieee754_rem_pio2)
c:/altera/12.0/nios2eds/bin/gnu/h-i686-mingw32/bin/../lib/gcc/nios2-elf/4.1.2/../../../../nios2-elf/lib\libm.a(lib_a-k_cos.o)
                              c:/altera/12.0/nios2eds/bin/gnu/h-i686-mingw32/bin/../lib/gcc/nios2-elf/4.1.2/../../../../nios2-elf/lib\libm.a(lib_a-s_cos.o) (__kernel_cos)
c:/altera/12.0/nios2eds/bin/gnu/h-i686-mingw32/bin/../lib/gcc/nios2-elf/4.1.2/../../../../nios2-elf/lib\libm.a(lib_a-k_rem_pio2.o)
                              c:/altera/12.0/nios2eds/bin/gnu/h-i686-mingw32/bin/../lib/gcc/nios2-elf/4.1.2/../../../../nios2-elf/lib\libm.a(lib_a-e_rem_pio2.o) (__kernel_rem_pio2)
c:/altera/12.0/nios2eds/bin/gnu/h-i686-mingw32/bin/../lib/gcc/nios2-elf/4.1.2/../../../../nios2-elf/lib\libm.a(lib_a-k_sin.o)
                              c:/altera/12.0/nios2eds/bin/gnu/h-i686-mingw32/bin/../lib/gcc/nios2-elf/4.1.2/../../../../nios2-elf/lib\libm.a(lib_a-s_cos.o) (__kernel_sin)
c:/altera/12.0/nios2eds/bin/gnu/h-i686-mingw32/bin/../lib/gcc/nios2-elf/4.1.2/../../../../nios2-elf/lib\libm.a(lib_a-s_fabs.o)
                              c:/altera/12.0/nios2eds/bin/gnu/h-i686-mingw32/bin/../lib/gcc/nios2-elf/4.1.2/../../../../nios2-elf/lib\libm.a(lib_a-e_rem_pio2.o) (fabs)
c:/altera/12.0/nios2eds/bin/gnu/h-i686-mingw32/bin/../lib/gcc/nios2-elf/4.1.2/../../../../nios2-elf/lib\libm.a(lib_a-s_floor.o)
                              c:/altera/12.0/nios2eds/bin/gnu/h-i686-mingw32/bin/../lib/gcc/nios2-elf/4.1.2/../../../../nios2-elf/lib\libm.a(lib_a-k_rem_pio2.o) (floor)
c:/altera/12.0/nios2eds/bin/gnu/h-i686-mingw32/bin/../lib/gcc/nios2-elf/4.1.2/../../../../nios2-elf/lib\libm.a(lib_a-s_scalbn.o)
                              c:/altera/12.0/nios2eds/bin/gnu/h-i686-mingw32/bin/../lib/gcc/nios2-elf/4.1.2/../../../../nios2-elf/lib\libm.a(lib_a-k_rem_pio2.o) (scalbn)
c:/altera/12.0/nios2eds/bin/gnu/h-i686-mingw32/bin/../lib/gcc/nios2-elf/4.1.2/../../../../nios2-elf/lib\libm.a(lib_a-s_copysign.o)
                              c:/altera/12.0/nios2eds/bin/gnu/h-i686-mingw32/bin/../lib/gcc/nios2-elf/4.1.2/../../../../nios2-elf/lib\libm.a(lib_a-s_scalbn.o) (copysign)
c:/altera/12.0/nios2eds/bin/gnu/h-i686-mingw32/bin/../lib/gcc/nios2-elf/4.1.2\libgcc.a(_addsub_sf.o)
                              obj/default/http.o (__addsf3)
c:/altera/12.0/nios2eds/bin/gnu/h-i686-mingw32/bin/../lib/gcc/nios2-elf/4.1.2\libgcc.a(_div_sf.o)
                              obj/default/http.o (__divsf3)
c:/altera/12.0/nios2eds/bin/gnu/h-i686-mingw32/bin/../lib/gcc/nios2-elf/4.1.2\libgcc.a(_si_to_sf.o)
                              obj/default/http.o (__floatsisf)
c:/altera/12.0/nios2eds/bin/gnu/h-i686-mingw32/bin/../lib/gcc/nios2-elf/4.1.2\libgcc.a(_sf_to_df.o)
                              obj/default/http.o (__extendsfdf2)
c:/altera/12.0/nios2eds/bin/gnu/h-i686-mingw32/bin/../lib/gcc/nios2-elf/4.1.2\libgcc.a(_thenan_sf.o)
                              c:/altera/12.0/nios2eds/bin/gnu/h-i686-mingw32/bin/../lib/gcc/nios2-elf/4.1.2\libgcc.a(_addsub_sf.o) (__thenan_sf)
c:/altera/12.0/nios2eds/bin/gnu/h-i686-mingw32/bin/../lib/gcc/nios2-elf/4.1.2\libgcc.a(_addsub_df.o)
                              obj/default/http.o (__subdf3)
c:/altera/12.0/nios2eds/bin/gnu/h-i686-mingw32/bin/../lib/gcc/nios2-elf/4.1.2\libgcc.a(_mul_df.o)
                              obj/default/http.o (__muldf3)
c:/altera/12.0/nios2eds/bin/gnu/h-i686-mingw32/bin/../lib/gcc/nios2-elf/4.1.2\libgcc.a(_div_df.o)
                              obj/default/http.o (__divdf3)
c:/altera/12.0/nios2eds/bin/gnu/h-i686-mingw32/bin/../lib/gcc/nios2-elf/4.1.2\libgcc.a(_eq_df.o)
                              c:/altera/12.0/nios2eds/bin/gnu/h-i686-mingw32/bin/../lib/gcc/nios2-elf/4.1.2/../../../../nios2-elf/lib\libm.a(lib_a-e_rem_pio2.o) (__eqdf2)
c:/altera/12.0/nios2eds/bin/gnu/h-i686-mingw32/bin/../lib/gcc/nios2-elf/4.1.2\libgcc.a(_gt_df.o)
                              c:/altera/12.0/nios2eds/bin/gnu/h-i686-mingw32/bin/../lib/gcc/nios2-elf/4.1.2/../../../../nios2-elf/lib\libm.a(lib_a-s_floor.o) (__gtdf2)
c:/altera/12.0/nios2eds/bin/gnu/h-i686-mingw32/bin/../lib/gcc/nios2-elf/4.1.2\libgcc.a(_ge_df.o)
[...]
Memory Configuration

Name             Origin             Length             Attributes
reset            0x00000000         0x00000020
sdram            0x00000020         0x07ffffe0
sram             0x08000000         0x00200000
onchip_memory2   0x08200000         0x00020000
descriptor_memory 0x08220000         0x00001000
cfi_flash        0x09000000         0x00800000
*default*        0x00000000         0xffffffff

Linker script and memory map

LOAD ../web_server_bsp//obj/HAL/src/crt0.o
LOAD obj/default/alt_error_handler.o
LOAD obj/default/http.o
LOAD obj/default/network_utilities.o
LOAD obj/default/srec_flash.o
LOAD obj/default/web_server.o
LOAD c:/altera/12.0/nios2eds/bin/gnu/h-i686-mingw32/bin/../lib/gcc/nios2-elf/4.1.2/../../../../nios2-elf/lib\libstdc++.a
LOAD c:/altera/12.0/nios2eds/bin/gnu/h-i686-mingw32/bin/../lib/gcc/nios2-elf/4.1.2/../../../../nios2-elf/lib\libm.a
LOAD c:/altera/12.0/nios2eds/bin/gnu/h-i686-mingw32/bin/../lib/gcc/nios2-elf/4.1.2\libgcc.a
START GROUP
LOAD c:/altera/12.0/nios2eds/bin/gnu/h-i686-mingw32/bin/../lib/gcc/nios2-elf/4.1.2/../../../../nios2-elf/lib\libc.a
LOAD c:/altera/12.0/nios2eds/bin/gnu/h-i686-mingw32/bin/../lib/gcc/nios2-elf/4.1.2\libgcc.a
LOAD ../web_server_bsp/\libucosii_bsp.a
END GROUP
LOAD c:/altera/12.0/nios2eds/bin/gnu/h-i686-mingw32/bin/../lib/gcc/nios2-elf/4.1.2\libgcc.a
                0x00000000                __alt_mem_sdram = 0x0
                0x08000000                __alt_mem_sram = 0x8000000
                0x08200000                __alt_mem_onchip_memory2 = 0x8200000
                0x08220000                __alt_mem_descriptor_memory = 0x8220000
                0x09000000                __alt_mem_cfi_flash = 0x9000000

.entry          0x00000000       0x20
 *(.entry)
 .entry         0x00000000       0x20 ../web_server_bsp//obj/HAL/src/crt0.o
                0x00000000                __reset

.exceptions     0x00000020      0x19c
                0x00000020                PROVIDE (__ram_exceptions_start, ABSOLUTE (.))
                0x00000020                . = ALIGN (0x20)
 *(.irq)
 *(.exceptions.entry.label)
 .exceptions.entry.label
                0x00000020        0x0 ../web_server_bsp/\libucosii_bsp.a(alt_irq_entry.o)
                0x00000020                alt_irq_entry
 .exceptions.entry.label
                0x00000020        0x0 ../web_server_bsp/\libucosii_bsp.a(alt_exception_entry.o)
                0x00000020                alt_exception
 *(.exceptions.entry.user)
 *(.exceptions.entry)
 .exceptions.entry
                0x00000020       0x54 ../web_server_bsp/\libucosii_bsp.a(alt_exception_entry.o)
 *(.exceptions.irqtest.user)
 *(.exceptions.irqtest)
 .exceptions.irqtest
                0x00000074       0x10 ../web_server_bsp/\libucosii_bsp.a(alt_irq_entry.o)
 *(.exceptions.irqhandler.user)
 *(.exceptions.irqhandler)
 .exceptions.irqhandler
                0x00000084        0x4 ../web_server_bsp/\libucosii_bsp.a(alt_irq_entry.o)
 *(.exceptions.irqreturn.user)
 *(.exceptions.irqreturn)
 .exceptions.irqreturn
                0x00000088        0x4 ../web_server_bsp/\libucosii_bsp.a(alt_irq_entry.o)
 *(.exceptions.notirq.label)
 .exceptions.notirq.label
                0x0000008c        0x0 ../web_server_bsp/\libucosii_bsp.a(alt_irq_entry.o)
 *(.exceptions.notirq.user)
 *(.exceptions.notirq)
 .exceptions.notirq
                0x0000008c        0x8 ../web_server_bsp/\libucosii_bsp.a(alt_exception_entry.o)
 *(.exceptions.soft.user)
 *(.exceptions.soft)
 *(.exceptions.unknown.user)
 *(.exceptions.unknown)
 .exceptions.unknown
                0x00000094        0x4 ../web_server_bsp/\libucosii_bsp.a(alt_exception_entry.o)
 *(.exceptions.exit.label)
 .exceptions.exit.label
                0x00000098        0x0 ../web_server_bsp/\libucosii_bsp.a(alt_irq_entry.o)
 .exceptions.exit.label
                0x00000098        0x0 ../web_server_bsp/\libucosii_bsp.a(alt_exception_entry.o)
 *(.exceptions.exit.user)
 *(.exceptions.exit)
 .exceptions.exit
                0x00000098       0x54 ../web_server_bsp/\libucosii_bsp.a(alt_exception_entry.o)
 *(.exceptions)
 .exceptions    0x000000ec       0xd0 ../web_server_bsp/\libucosii_bsp.a(alt_irq_handler.o)
                0x000000ec                alt_irq_handler
                0x000001bc                PROVIDE (__ram_exceptions_end, ABSOLUTE (.))
                0x00000020                PROVIDE (__flash_exceptions_start, LOADADDR (.exceptions))

.text           0x000001bc    0x58cec
                0x000001bc                PROVIDE (stext, ABSOLUTE (.))
 *(.interp)
 *(.hash)
 *(.dynsym)
 *(.dynstr)
 *(.gnu.version)
 *(.gnu.version_d)
 *(.gnu.version_r)
 *(.rel.init)
 *(.rela.init)
 *(.rel.text .rel.text.* .rel.gnu.linkonce.t.*)
 *(.rela.text .rela.text.* .rela.gnu.linkonce.t.*)
 *(.rel.fini)
 *(.rela.fini)
 *(.rel.rodata .rel.rodata.* .rel.gnu.linkonce.r.*)
 *(.rela.rodata .rela.rodata.* .rela.gnu.linkonce.r.*)
 *(.rel.data .rel.data.* .rel.gnu.linkonce.d.*)
 *(.rela.data .rela.data.* .rela.gnu.linkonce.d.*)
 *(.rel.tdata .rel.tdata.* .rel.gnu.linkonce.td.*)
 *(.rela.tdata .rela.tdata.* .rela.gnu.linkonce.td.*)
 *(.rel.tbss .rel.tbss.* .rel.gnu.linkonce.tb.*)
 *(.rela.tbss .rela.tbss.* .rela.gnu.linkonce.tb.*)
 *(.rel.ctors)
 *(.rela.ctors)
 *(.rel.dtors)
 *(.rela.dtors)
 *(.rel.got)
 *(.rela.got)
 *(.rel.sdata .rel.sdata.* .rel.gnu.linkonce.s.*)
 *(.rela.sdata .rela.sdata.* .rela.gnu.linkonce.s.*)
 *(.rel.sbss .rel.sbss.* .rel.gnu.linkonce.sb.*)
 *(.rela.sbss .rela.sbss.* .rela.gnu.linkonce.sb.*)
 *(.rel.sdata2 .rel.sdata2.* .rel.gnu.linkonce.s2.*)
 *(.rela.sdata2 .rela.sdata2.* .rela.gnu.linkonce.s2.*)
 *(.rel.sbss2 .rel.sbss2.* .rel.gnu.linkonce.sb2.*)
 *(.rela.sbss2 .rela.sbss2.* .rela.gnu.linkonce.sb2.*)
 *(.rel.bss .rel.bss.* .rel.gnu.linkonce.b.*)
 *(.rela.bss .rela.bss.* .rela.gnu.linkonce.b.*)
 *(.rel.plt)
 *(.rela.plt)
 *(.rel.dyn)
 *(.init)
 *(.plt)
 *(.text .stub .text.* .gnu.linkonce.t.*)
 .text          0x000001bc       0x4c ../web_server_bsp//obj/HAL/src/crt0.o
                0x000001bc                _start
 .text          0x00000208      0x624 obj/default/alt_error_handler.o
                0x00000208                alt_uCOSIIErrorHandler
 .text          0x0000082c     0x3770 obj/default/http.o
                0x0000082c                print
                0x0000085c                sweep1
                0x00000a58                http_cleanup_seg_num
                0x00000ae4                sweep2
                0x00000bd0                http_cleanup_lcd_text
                0x00000c4c                lcd_output
                0x00000d18                http_parse_multipart_header
                0x00000fa8                file_upload
                0x00001228                ProgFlashStub
                0x00001278                http_reset_connection
                0x00001368                http_manage_connection
                0x00001514                http_handle_accept
                0x0000163c                http_read_line
                0x000016e8                http_parse_type_boundary
                0x000017e0                http_process_headers
                0x00001a24                http_process_request
                0x00001d04                http_send_file_chunk
                0x00001eb0                http_send_file_header
                0x000025f4                DFT
                0x000029d8                preparing_data
                0x00002d7c                http_find_file
                0x000033f8                http_send_redirect
                0x0000342c                http_handle_post
                0x000037c8                http_prepare_response
                0x0000383c                http_handle_receive
                0x00003c04                http_handle_transmit
                0x00003c64                WSTask
 .text          0x00003f9c      0x72c obj/default/network_utilities.o
                0x00003f9c                die_with_error
                0x00003fcc                generate_and_store_mac_addr
                0x00004340                get_board_mac_addr
                0x000044e4                get_mac_addr
                0x00004518                get_ip_addr
                0x00004584                FindLastFlashSectorOffset
 .text          0x000046c8      0x7f8 obj/default/srec_flash.o
                0x000046c8                ProgFlash
                0x0000496c                ParseAndProgramLine
                0x00004c28                ParseSRECBuf
 .text          0x00004ec0      0x8d4 obj/default/web_server.o
                0x00004ec0                lcd_ip_addr
                0x0000507c                WSInitialTask
                0x000050f8                main
                0x000052ac                lcd_output_text
                0x00005328                board_control_task
                0x000053dc                LED_task
                0x00005424                SSD_task
 .text          0x00005794      0x168 c:/altera/12.0/nios2eds/bin/gnu/h-i686-mingw32/bin/../lib/gcc/nios2-elf/4.1.2/../../../../nios2-elf/lib\libm.a(lib_a-s_cos.o)
                0x00005794                cos
 .text          0x000058fc      0x16c c:/altera/12.0/nios2eds/bin/gnu/h-i686-mingw32/bin/../lib/gcc/nios2-elf/4.1.2/../../../../nios2-elf/lib\libm.a(lib_a-s_sin.o)
                0x000058fc                sin
 .text          0x00005a68      0x828 c:/altera/12.0/nios2eds/bin/gnu/h-i686-mingw32/bin/../lib/gcc/nios2-elf/4.1.2/../../../../nios2-elf/lib\libm.a(lib_a-e_rem_pio2.o)
                0x00005a68                __ieee754_rem_pio2
 .text          0x00006290      0x52c c:/altera/12.0/nios2eds/bin/gnu/h-i686-mingw32/bin/../lib/gcc/nios2-elf/4.1.2/../../../../nios2-elf/lib\libm.a(lib_a-k_cos.o)
                0x00006290                __kernel_cos
 .text          0x000067bc      0xe7c c:/altera/12.0/nios2eds/bin/gnu/h-i686-mingw32/bin/../lib/gcc/nios2-elf/4.1.2/../../../../nios2-elf/lib\libm.a(lib_a-k_rem_pio2.o)
                0x000067bc                __kernel_rem_pio2
 .text          0x00007638      0x318 c:/altera/12.0/nios2eds/bin/gnu/h-i686-mingw32/bin/../lib/gcc/nios2-elf/4.1.2/../../../../nios2-elf/lib\libm.a(lib_a-k_sin.o)
                0x00007638                __kernel_sin
 .text          0x00007950       0x18 c:/altera/12.0/nios2eds/bin/gnu/h-i686-mingw32/bin/../lib/gcc/nios2-elf/4.1.2/../../../../nios2-elf/lib\libm.a(lib_a-s_fabs.o)
                0x00007950                fabs
 .text          0x00007968      0x224 c:/altera/12.0/nios2eds/bin/gnu/h-i686-mingw32/bin/../lib/gcc/nios2-elf/4.1.2/../../../../nios2-elf/lib\libm.a(lib_a-s_floor.o)
                0x00007968                floor
 .text          0x00007b8c      0x1e0 c:/altera/12.0/nios2eds/bin/gnu/h-i686-mingw32/bin/../lib/gcc/nios2-elf/4.1.2/../../../../nios2-elf/lib\libm.a(lib_a-s_scalbn.o)
                0x00007b8c                scalbn
 .text          0x00007d6c       0x24 c:/altera/12.0/nios2eds/bin/gnu/h-i686-mingw32/bin/../lib/gcc/nios2-elf/4.1.2/../../../../nios2-elf/lib\libm.a(lib_a-s_copysign.o)
                0x00007d6c                copysign
 .text          0x00007d90      0x2b8 c:/altera/12.0/nios2eds/bin/gnu/h-i686-mingw32/bin/../lib/gcc/nios2-elf/4.1.2\libgcc.a(_addsub_sf.o)
                0x00007f74                __subsf3
                0x00007fe4                __addsf3
 .text          0x00008048      0x174 c:/altera/12.0/nios2eds/bin/gnu/h-i686-mingw32/bin/../lib/gcc/nios2-elf/4.1.2\libgcc.a(_div_sf.o)
                0x00008048                __divsf3
 .text          0x000081bc       0x98 c:/altera/12.0/nios2eds/bin/gnu/h-i686-mingw32/bin/../lib/gcc/nios2-elf/4.1.2\libgcc.a(_si_to_sf.o)
                0x000081bc                __floatsisf
 .text          0x00008254       0x54 c:/altera/12.0/nios2eds/bin/gnu/h-i686-mingw32/bin/../lib/gcc/nios2-elf/4.1.2\libgcc.a(_sf_to_df.o)
                0x00008254                __extendsfdf2
 .text          0x000082a8        0x0 c:/altera/12.0/nios2eds/bin/gnu/h-i686-mingw32/bin/../lib/gcc/nios2-elf/4.1.2\libgcc.a(_thenan_sf.o)
 .text          0x000082a8      0x504 c:/altera/12.0/nios2eds/bin/gnu/h-i686-mingw32/bin/../lib/gcc/nios2-elf/4.1.2\libgcc.a(_addsub_df.o)
                0x000086b8                __subdf3
                0x00008738                __adddf3
 .text          0x000087ac      0x3c4 c:/altera/12.0/nios2eds/bin/gnu/h-i686-mingw32/bin/../lib/gcc/nios2-elf/4.1.2\libgcc.a(_mul_df.o)
                0x000087ac                __muldf3
 .text          0x00008b70      0x258 c:/altera/12.0/nios2eds/bin/gnu/h-i686-mingw32/bin/../lib/gcc/nios2-elf/4.1.2\libgcc.a(_div_df.o)
                0x00008b70                __divdf3
 .text          0x00008dc8       0x88 c:/altera/12.0/nios2eds/bin/gnu/h-i686-mingw32/bin/../lib/gcc/nios2-elf/4.1.2\libgcc.a(_eq_df.o)
                0x00008dc8                __eqdf2
 .text          0x00008e50       0x88 c:/altera/12.0/nios2eds/bin/gnu/h-i686-mingw32/bin/../lib/gcc/nios2-elf/4.1.2\libgcc.a(_gt_df.o)
                0x00008e50                __gtdf2
 .text          0x00008ed8       0x88 c:/altera/12.0/nios2eds/bin/gnu/h-i686-mingw32/bin/../lib/gcc/nios2-elf/4.1.2\libgcc.a(_ge_df.o)
                0x00008ed8                __gedf2
 .text          0x00008f60       0xf8 c:/altera/12.0/nios2eds/bin/gnu/h-i686-mingw32/bin/../lib/gcc/nios2-elf/4.1.2\libgcc.a(_si_to_df.o)
                0x00008f60                __floatsidf
 .text          0x00009058       0xd8 c:/altera/12.0/nios2eds/bin/gnu/h-i686-mingw32/bin/../lib/gcc/nios2-elf/4.1.2\libgcc.a(_df_to_si.o)
                0x00009058                __fixdfsi
 .text          0x00009130       0x38 c:/altera/12.0/nios2eds/bin/gnu/h-i686-mingw32/bin/../lib/gcc/nios2-elf/4.1.2\libgcc.a(_make_df.o)
                0x00009130                __make_dp
 .text          0x00009168       0x74 c:/altera/12.0/nios2eds/bin/gnu/h-i686-mingw32/bin/../lib/gcc/nios2-elf/4.1.2\libgcc.a(_df_to_sf.o)
                0x00009168                __truncdfsf2
 .text          0x000091dc        0x0 c:/altera/12.0/nios2eds/bin/gnu/h-i686-mingw32/bin/../lib/gcc/nios2-elf/4.1.2\libgcc.a(_thenan_df.o)
 .text          0x000091dc      0x14c c:/altera/12.0/nios2eds/bin/gnu/h-i686-mingw32/bin/../lib/gcc/nios2-elf/4.1.2\libgcc.a(lib2-divmod.o)
                0x00009258                __divsi3
                0x000092b8                __modsi3
                0x00009318                __udivsi3
                0x00009320                __umodsi3
 .text          0x00009328       0x98 c:/altera/12.0/nios2eds/bin/gnu/h-i686-mingw32/bin/../lib/gcc/nios2-elf/4.1.2\libgcc.a(_muldi3.o)
                0x00009328                __muldi3
 .text          0x000093c0       0x80 c:/altera/12.0/nios2eds/bin/gnu/h-i686-mingw32/bin/../lib/gcc/nios2-elf/4.1.2\libgcc.a(_clzsi2.o)
                0x000093c0                __clzsi2
 .text          0x00009440      0x160 c:/altera/12.0/nios2eds/bin/gnu/h-i686-mingw32/bin/../lib/gcc/nios2-elf/4.1.2\libgcc.a(_pack_sf.o)
                0x00009440                __pack_f
 .text          0x000095a0       0xc8 c:/altera/12.0/nios2eds/bin/gnu/h-i686-mingw32/bin/../lib/gcc/nios2-elf/4.1.2\libgcc.a(_unpack_sf.o)
                0x000095a0                __unpack_f
 .text          0x00009668       0x2c c:/altera/12.0/nios2eds/bin/gnu/h-i686-mingw32/bin/../lib/gcc/nios2-elf/4.1.2\libgcc.a(_make_sf.o)
                0x00009668                __make_fp
 .text          0x00009694      0x314 c:/altera/12.0/nios2eds/bin/gnu/h-i686-mingw32/bin/../lib/gcc/nios2-elf/4.1.2\libgcc.a(_pack_df.o)
                0x00009694                __pack_d
 .text          0x000099a8      0x138 c:/altera/12.0/nios2eds/bin/gnu/h-i686-mingw32/bin/../lib/gcc/nios2-elf/4.1.2\libgcc.a(_unpack_df.o)
                0x000099a8                __unpack_d
 .text          0x00009ae0       0xc8 c:/altera/12.0/nios2eds/bin/gnu/h-i686-mingw32/bin/../lib/gcc/nios2-elf/4.1.2\libgcc.a(_fpcmp_parts_df.o)
                0x00009ae0                __fpcmp_parts_d
 .text          0x00009ba8        0x0 c:/altera/12.0/nios2eds/bin/gnu/h-i686-mingw32/bin/../lib/gcc/nios2-elf/4.1.2\libgcc.a(_clz.o)
 .text          0x00009ba8       0x18 c:/altera/12.0/nios2eds/bin/gnu/h-i686-mingw32/bin/../lib/gcc/nios2-elf/4.1.2/../../../../nios2-elf/lib\libc.a(lib_a-atoi.o)
                0x00009ba8                _atoi_r
                0x00009bb4                atoi
 .text          0x00009bc0        0x0 c:/altera/12.0/nios2eds/bin/gnu/h-i686-mingw32/bin/../lib/gcc/nios2-elf/4.1.2/../../../../nios2-elf/lib\libc.a(lib_a-ctype_.o)
 .text          0x00009bc0      0x124 c:/altera/12.0/nios2eds/bin/gnu/h-i686-mingw32/bin/../lib/gcc/nios2-elf/4.1.2/../../../../nios2-elf/lib\libc.a(lib_a-fclose.o)
                0x00009bc0                _fclose_r
                0x00009cd0                fclose
 .text          0x00009ce4      0x230 c:/altera/12.0/nios2eds/bin/gnu/h-i686-mingw32/bin/../lib/gcc/nios2-elf/4.1.2/../../../../nios2-elf/lib\libc.a(lib_a-fflush.o)
                0x00009ce4                _fflush_r
                0x00009ee0                fflush
 .text          0x00009f14       0x48 c:/altera/12.0/nios2eds/bin/gnu/h-i686-mingw32/bin/../lib/gcc/nios2-elf/4.1.2/../../../../nios2-elf/lib\libc.a(lib_a-fgetpos.o)
                0x00009f14                _fgetpos_r
                0x00009f40                fgetpos
 .text          0x00009f5c      0x2c0 c:/altera/12.0/nios2eds/bin/gnu/h-i686-mingw32/bin/../lib/gcc/nios2-elf/4.1.2/../../../../nios2-elf/lib\libc.a(lib_a-findfp.o)
                0x00009fb4                __sfp_lock_acquire
                0x00009fb8                __sfp_lock_release
                0x00009fbc                __sinit_lock_acquire
                0x00009fc0                __sinit_lock_release
                0x00009fc4                __sinit
                0x0000a078                __fp_unlock_all
                0x0000a090                __fp_lock_all
                0x0000a0a8                _cleanup_r
                0x0000a0b4                _cleanup
                0x0000a0c4                __sfmoreglue
                0x0000a12c                __sfp
 .text          0x0000a21c      0x110 c:/altera/12.0/nios2eds/bin/gnu/h-i686-mingw32/bin/../lib/gcc/nios2-elf/4.1.2/../../../../nios2-elf/lib\libc.a(lib_a-fopen.o)
                0x0000a21c                _fopen_r
                0x0000a310                fopen
 .text          0x0000a32c       0x60 c:/altera/12.0/nios2eds/bin/gnu/h-i686-mingw32/bin/../lib/gcc/nios2-elf/4.1.2/../../../../nios2-elf/lib\libc.a(lib_a-fprintf.o)
                0x0000a32c                fprintf
                0x0000a358                _fprintf_r
 .text          0x0000a38c      0x23c c:/altera/12.0/nios2eds/bin/gnu/h-i686-mingw32/bin/../lib/gcc/nios2-elf/4.1.2/../../../../nios2-elf/lib\libc.a(lib_a-fread.o)
                0x0000a38c                _fread_r
                0x0000a588                fread
 .text          0x0000a5c8      0x440 c:/altera/12.0/nios2eds/bin/gnu/h-i686-mingw32/bin/../lib/gcc/nios2-elf/4.1.2/../../../../nios2-elf/lib\libc.a(lib_a-freer.o)
                0x0000a5c8                _malloc_trim_r
                0x0000a6f4                _free_r
 .text          0x0000aa08      0x460 c:/altera/12.0/nios2eds/bin/gnu/h-i686-mingw32/bin/../lib/gcc/nios2-elf/4.1.2/../../../../nios2-elf/lib\libc.a(lib_a-fseek.o)
                0x0000aa08                _fseek_r
                0x0000ae44                fseek
 .text          0x0000ae68       0x74 c:/altera/12.0/nios2eds/bin/gnu/h-i686-mingw32/bin/../lib/gcc/nios2-elf/4.1.2/../../../../nios2-elf/lib\libc.a(lib_a-fstatr.o)
                0x0000ae68                _fstat_r
 .text          0x0000aedc      0x10c c:/altera/12.0/nios2eds/bin/gnu/h-i686-mingw32/bin/../lib/gcc/nios2-elf/4.1.2/../../../../nios2-elf/lib\libc.a(lib_a-ftell.o)
                0x0000aedc                _ftell_r
                0x0000afd4                ftell
 .text          0x0000afe8      0x180 c:/altera/12.0/nios2eds/bin/gnu/h-i686-mingw32/bin/../lib/gcc/nios2-elf/4.1.2/../../../../nios2-elf/lib\libc.a(lib_a-fwalk.o)
                0x0000afe8                _fwalk_reent
                0x0000b0b0                _fwalk
 .text          0x0000b168       0xdc c:/altera/12.0/nios2eds/bin/gnu/h-i686-mingw32/bin/../lib/gcc/nios2-elf/4.1.2/../../../../nios2-elf/lib\libc.a(lib_a-fwrite.o)
                0x0000b168                _fwrite_r
                0x0000b204                fwrite
 .text          0x0000b244      0x128 c:/altera/12.0/nios2eds/bin/gnu/h-i686-mingw32/bin/../lib/gcc/nios2-elf/4.1.2/../../../../nios2-elf/lib\libc.a(lib_a-getc.o)
                0x0000b244                getc
                0x0000b2dc                _getc_r
 .text          0x0000b36c        0x0 c:/altera/12.0/nios2eds/bin/gnu/h-i686-mingw32/bin/../lib/gcc/nios2-elf/4.1.2/../../../../nios2-elf/lib\libc.a(lib_a-impure.o)
 .text          0x0000b36c        0x0 c:/altera/12.0/nios2eds/bin/gnu/h-i686-mingw32/bin/../lib/gcc/nios2-elf/4.1.2/../../../../nios2-elf/lib\libc.a(lib_a-int_errno.o)
 .text          0x0000b36c      0x194 c:/altera/12.0/nios2eds/bin/gnu/h-i686-mingw32/bin/../lib/gcc/nios2-elf/4.1.2/../../../../nios2-elf/lib\libc.a(lib_a-makebuf.o)
                0x0000b36c                __smakebuf_r
 .text          0x0000b500      0x740 c:/altera/12.0/nios2eds/bin/gnu/h-i686-mingw32/bin/../lib/gcc/nios2-elf/4.1.2/../../../../nios2-elf/lib\libc.a(lib_a-mallocr.o)
                0x0000b500                _malloc_r
 .text          0x0000bc40       0xa0 c:/altera/12.0/nios2eds/bin/gnu/h-i686-mingw32/bin/../lib/gcc/nios2-elf/4.1.2/../../../../nios2-elf/lib\libc.a(lib_a-memcpy.o)
                0x0000bc40                memcpy
 .text          0x0000bce0       0xe0 c:/altera/12.0/nios2eds/bin/gnu/h-i686-mingw32/bin/../lib/gcc/nios2-elf/4.1.2/../../../../nios2-elf/lib\libc.a(lib_a-memmove.o)
                0x0000bce0                memmove
 .text          0x0000bdc0       0x98 c:/altera/12.0/nios2eds/bin/gnu/h-i686-mingw32/bin/../lib/gcc/nios2-elf/4.1.2/../../../../nios2-elf/lib\libc.a(lib_a-memset.o)
                0x0000bdc0                memset
 .text          0x0000be58       0x78 c:/altera/12.0/nios2eds/bin/gnu/h-i686-mingw32/bin/../lib/gcc/nios2-elf/4.1.2/../../../../nios2-elf/lib\libc.a(lib_a-openr.o)
                0x0000be58                _open_r
 .text          0x0000bed0       0x80 c:/altera/12.0/nios2eds/bin/gnu/h-i686-mingw32/bin/../lib/gcc/nios2-elf/4.1.2/../../../../nios2-elf/lib\libc.a(lib_a-perror.o)
                0x0000bed0                _perror_r
                0x0000bf3c                perror
 .text          0x0000bf50       0x78 c:/altera/12.0/nios2eds/bin/gnu/h-i686-mingw32/bin/../lib/gcc/nios2-elf/4.1.2/../../../../nios2-elf/lib\libc.a(lib_a-printf.o)
                0x0000bf50                printf
                0x0000bf94                _printf_r
 .text          0x0000bfc8      0x1ec c:/altera/12.0/nios2eds/bin/gnu/h-i686-mingw32/bin/../lib/gcc/nios2-elf/4.1.2/../../../../nios2-elf/lib\libc.a(lib_a-putc.o)
                0x0000bfc8                putc
                0x0000c0cc                _putc_r
 .text          0x0000c1b4       0x24 c:/altera/12.0/nios2eds/bin/gnu/h-i686-mingw32/bin/../lib/gcc/nios2-elf/4.1.2/../../../../nios2-elf/lib\libc.a(lib_a-putchar.o)
                0x0000c1b4                putchar
                0x0000c1d0                _putchar_r
 .text          0x0000c1d8       0xb4 c:/altera/12.0/nios2eds/bin/gnu/h-i686-mingw32/bin/../lib/gcc/nios2-elf/4.1.2/../../../../nios2-elf/lib\libc.a(lib_a-puts.o)
                0x0000c1d8                _puts_r
                0x0000c278                puts
 .text          0x0000c28c      0x1e0 c:/altera/12.0/nios2eds/bin/gnu/h-i686-mingw32/bin/../lib/gcc/nios2-elf/4.1.2/../../../../nios2-elf/lib\libc.a(lib_a-refill.o)
                0x0000c28c                __srefill_r
 .text          0x0000c46c       0x60 c:/altera/12.0/nios2eds/bin/gnu/h-i686-mingw32/bin/../lib/gcc/nios2-elf/4.1.2/../../../../nios2-elf/lib\libc.a(lib_a-rget.o)
                0x0000c46c                __srget_r
                0x0000c4b8                __srget
 .text          0x0000c4cc       0x70 c:/altera/12.0/nios2eds/bin/gnu/h-i686-mingw32/bin/../lib/gcc/nios2-elf/4.1.2/../../../../nios2-elf/lib\libc.a(lib_a-sbrkr.o)
                0x0000c4cc                _sbrk_r
 .text          0x0000c53c       0xd4 c:/altera/12.0/nios2eds/bin/gnu/h-i686-mingw32/bin/../lib/gcc/nios2-elf/4.1.2/../../../../nios2-elf/lib\libc.a(lib_a-sprintf.o)
                0x0000c53c                sprintf
                0x0000c5b0                _sprintf_r
 .text          0x0000c610      0x114 c:/altera/12.0/nios2eds/bin/gnu/h-i686-mingw32/bin/../lib/gcc/nios2-elf/4.1.2/../../../../nios2-elf/lib\libc.a(lib_a-sscanf.o)
                0x0000c618                _sscanf_r
                0x0000c6a0                sscanf
 .text          0x0000c724      0x14c c:/altera/12.0/nios2eds/bin/gnu/h-i686-mingw32/bin/../lib/gcc/nios2-elf/4.1.2/../../../../nios2-elf/lib\libc.a(lib_a-stdio.o)
                0x0000c724                __sclose
                0x0000c72c                __sseek
                0x0000c794                __swrite
                0x0000c810                __sread
 .text          0x0000c870       0xb0 c:/altera/12.0/nios2eds/bin/gnu/h-i686-mingw32/bin/../lib/gcc/nios2-elf/4.1.2/../../../../nios2-elf/lib\libc.a(lib_a-strcasecmp.o)
                0x0000c870                strcasecmp
 .text          0x0000c920       0x90 c:/altera/12.0/nios2eds/bin/gnu/h-i686-mingw32/bin/../lib/gcc/nios2-elf/4.1.2/../../../../nios2-elf/lib\libc.a(lib_a-strcat.o)
                0x0000c920                strcat
 .text          0x0000c9b0       0xe0 c:/altera/12.0/nios2eds/bin/gnu/h-i686-mingw32/bin/../lib/gcc/nios2-elf/4.1.2/../../../../nios2-elf/lib\libc.a(lib_a-strchr.o)
                0x0000c9b0                strchr
 .text          0x0000ca90       0xbc c:/altera/12.0/nios2eds/bin/gnu/h-i686-mingw32/bin/../lib/gcc/nios2-elf/4.1.2/../../../../nios2-elf/lib\libc.a(lib_a-strcmp.o)
                0x0000ca90                strcmp
 .text          0x0000cb4c       0x8c c:/altera/12.0/nios2eds/bin/gnu/h-i686-mingw32/bin/../lib/gcc/nios2-elf/4.1.2/../../../../nios2-elf/lib\libc.a(lib_a-strcpy.o)
                0x0000cb4c                strcpy
 .text          0x0000cbd8      0x674 c:/altera/12.0/nios2eds/bin/gnu/h-i686-mingw32/bin/../lib/gcc/nios2-elf/4.1.2/../../../../nios2-elf/lib\libc.a(lib_a-strerror.o)
                0x0000cbd8                strerror
 .text          0x0000d24c       0x74 c:/altera/12.0/nios2eds/bin/gnu/h-i686-mingw32/bin/../lib/gcc/nios2-elf/4.1.2/../../../../nios2-elf/lib\libc.a(lib_a-strlen.o)
                0x0000d24c                strlen
 .text          0x0000d2c0       0xf0 c:/altera/12.0/nios2eds/bin/gnu/h-i686-mingw32/bin/../lib/gcc/nios2-elf/4.1.2/../../../../nios2-elf/lib\libc.a(lib_a-strncmp.o)
                0x0000d2c0                strncmp
 .text          0x0000d3b0       0xbc c:/altera/12.0/nios2eds/bin/gnu/h-i686-mingw32/bin/../lib/gcc/nios2-elf/4.1.2/../../../../nios2-elf/lib\libc.a(lib_a-strncpy.o)
                0x0000d3b0                strncpy
 .text          0x0000d46c      0x794 c:/altera/12.0/nios2eds/bin/gnu/h-i686-mingw32/bin/../lib/gcc/nios2-elf/4.1.2/../../../../nios2-elf/lib\libc.a(lib_a-strstr.o)
                0x0000d5a0                strstr
 .text          0x0000dc00       0x18 c:/altera/12.0/nios2eds/bin/gnu/h-i686-mingw32/bin/../lib/gcc/nios2-elf/4.1.2/../../../../nios2-elf/lib\libc.a(lib_a-strtok.o)
                0x0000dc00                strtok
 .text          0x0000dc18       0xac c:/altera/12.0/nios2eds/bin/gnu/h-i686-mingw32/bin/../lib/gcc/nios2-elf/4.1.2/../../../../nios2-elf/lib\libc.a(lib_a-strtok_r.o)
                0x0000dc18                __strtok_r
                0x0000dcbc                strtok_r
 .text          0x0000dcc4      0x268 c:/altera/12.0/nios2eds/bin/gnu/h-i686-mingw32/bin/../lib/gcc/nios2-elf/4.1.2/../../../../nios2-elf/lib\libc.a(lib_a-strtol.o)
                0x0000dcc4                _strtol_r
                0x0000df08                strtol
 .text          0x0000df2c        0x8 c:/altera/12.0/nios2eds/bin/gnu/h-i686-mingw32/bin/../lib/gcc/nios2-elf/4.1.2/../../../../nios2-elf/lib\libc.a(lib_a-u_strerr.o)
                0x0000df2c                _user_strerror
 .text          0x0000df34     0x1f28 c:/altera/12.0/nios2eds/bin/gnu/h-i686-mingw32/bin/../lib/gcc/nios2-elf/4.1.2/../../../../nios2-elf/lib\libc.a(lib_a-vfprintf.o)
                0x0000df8c                ___vfprintf_internal_r
                0x0000fe38                __vfprintf_internal
 .text          0x0000fe5c     0x1780 c:/altera/12.0/nios2eds/bin/gnu/h-i686-mingw32/bin/../lib/gcc/nios2-elf/4.1.2/../../../../nios2-elf/lib\libc.a(lib_a-vfscanf.o)
                0x0000fe5c                __svfscanf_r
                0x000114dc                __svfscanf
                0x00011500                _vfscanf_r
                0x00011568                vfscanf
 .text          0x000115dc      0x14c c:/altera/12.0/nios2eds/bin/gnu/h-i686-mingw32/bin/../lib/gcc/nios2-elf/4.1.2/../../../../nios2-elf/lib\libc.a(lib_a-wbuf.o)
                0x000115dc                __swbuf_r
                0x0001170c                __swbuf
 .text          0x00011728       0x78 c:/altera/12.0/nios2eds/bin/gnu/h-i686-mingw32/bin/../lib/gcc/nios2-elf/4.1.2/../../../../nios2-elf/lib\libc.a(lib_a-writer.o)
                0x00011728                _write_r
 .text          0x000117a0      0x13c c:/altera/12.0/nios2eds/bin/gnu/h-i686-mingw32/bin/../lib/gcc/nios2-elf/4.1.2/../../../../nios2-elf/lib\libc.a(lib_a-wsetup.o)
                0x000117a0                __swsetup_r
 .text          0x000118dc       0x70 c:/altera/12.0/nios2eds/bin/gnu/h-i686-mingw32/bin/../lib/gcc/nios2-elf/4.1.2/../../../../nios2-elf/lib\libc.a(lib_a-closer.o)
                0x000118dc                _close_r
 .text          0x0001194c     0x17cc c:/altera/12.0/nios2eds/bin/gnu/h-i686-mingw32/bin/../lib/gcc/nios2-elf/4.1.2/../../../../nios2-elf/lib\libc.a(lib_a-dtoa.o)
                0x00011b64                _dtoa_r
 .text          0x00013118       0xa0 c:/altera/12.0/nios2eds/bin/gnu/h-i686-mingw32/bin/../lib/gcc/nios2-elf/4.1.2/../../../../nios2-elf/lib\libc.a(lib_a-flags.o)
                0x00013118                __sflags
 .text          0x000131b8       0xbc c:/altera/12.0/nios2eds/bin/gnu/h-i686-mingw32/bin/../lib/gcc/nios2-elf/4.1.2/../../../../nios2-elf/lib\libc.a(lib_a-fputc.o)
                0x000131b8                fputc
                0x0001321c                _fputc_r
 .text          0x00013274       0x90 c:/altera/12.0/nios2eds/bin/gnu/h-i686-mingw32/bin/../lib/gcc/nios2-elf/4.1.2/../../../../nios2-elf/lib\libc.a(lib_a-fputs.o)
                0x00013274                _fputs_r
                0x000132e8                fputs
 .text          0x00013304      0x49c c:/altera/12.0/nios2eds/bin/gnu/h-i686-mingw32/bin/../lib/gcc/nios2-elf/4.1.2/../../../../nios2-elf/lib\libc.a(lib_a-fvwrite.o)
                0x00013304                __sfvwrite_r
 .text          0x000137a0       0x70 c:/altera/12.0/nios2eds/bin/gnu/h-i686-mingw32/bin/../lib/gcc/nios2-elf/4.1.2/../../../../nios2-elf/lib\libc.a(lib_a-isattyr.o)
                0x000137a0                _isatty_r
 .text          0x00013810       0x2c c:/altera/12.0/nios2eds/bin/gnu/h-i686-mingw32/bin/../lib/gcc/nios2-elf/4.1.2/../../../../nios2-elf/lib\libc.a(lib_a-iswspace.o)
                0x00013810                iswspace
 .text          0x0001383c       0xc4 c:/altera/12.0/nios2eds/bin/gnu/h-i686-mingw32/bin/../lib/gcc/nios2-elf/4.1.2/../../../../nios2-elf/lib\libc.a(lib_a-locale.o)
                0x0001383c                __locale_charset
                0x00013844                _localeconv_r
                0x00013850                localeconv
                0x00013860                _setlocale_r
                0x000138e4                setlocale
 .text          0x00013900       0x78 c:/altera/12.0/nios2eds/bin/gnu/h-i686-mingw32/bin/../lib/gcc/nios2-elf/4.1.2/../../../../nios2-elf/lib\libc.a(lib_a-lseekr.o)
                0x00013900                _lseek_r
 .text          0x00013978       0xc0 c:/altera/12.0/nios2eds/bin/gnu/h-i686-mingw32/bin/../lib/gcc/nios2-elf/4.1.2/../../../../nios2-elf/lib\libc.a(lib_a-mbrtowc.o)
                0x00013978                _mbrtowc_r
                0x000139f8                mbrtowc
 .text          0x00013a38       0x40 c:/altera/12.0/nios2eds/bin/gnu/h-i686-mingw32/bin/../lib/gcc/nios2-elf/4.1.2/../../../../nios2-elf/lib\libc.a(lib_a-mbtowc_r.o)
                0x00013a38                _mbtowc_r
 .text          0x00013a78       0xe4 c:/altera/12.0/nios2eds/bin/gnu/h-i686-mingw32/bin/../lib/gcc/nios2-elf/4.1.2/../../../../nios2-elf/lib\libc.a(lib_a-memchr.o)
                0x00013a78                memchr
 .text          0x00013b5c       0x74 c:/altera/12.0/nios2eds/bin/gnu/h-i686-mingw32/bin/../lib/gcc/nios2-elf/4.1.2/../../../../nios2-elf/lib\libc.a(lib_a-memcmp.o)
                0x00013b5c                memcmp
 .text          0x00013bd0      0xff4 c:/altera/12.0/nios2eds/bin/gnu/h-i686-mingw32/bin/../lib/gcc/nios2-elf/4.1.2/../../../../nios2-elf/lib\libc.a(lib_a-mprec.o)
                0x00013bd0                _Bfree
                0x00013bf8                __hi0bits
                0x00013c68                __lo0bits
                0x00013d2c                __mcmp
                0x00013d8c                __ulp
                0x00013e0c                __b2d
                0x00013f2c                __ratio
                0x00013fdc                _mprec_log10
                0x00014070                __copybits
                0x000140c8                __any_on
                0x00014150                _Balloc
                0x0001420c                __d2b
                0x00014388                __mdiff
                0x00014514                __lshift
                0x00014660                __multiply
                0x00014848                __i2b
                0x00014884                __multadd
                0x00014984                __pow5mult
                0x00014aa4                __s2b
 .text          0x00014bc4       0x78 c:/altera/12.0/nios2eds/bin/gnu/h-i686-mingw32/bin/../lib/gcc/nios2-elf/4.1.2/../../../../nios2-elf/lib\libc.a(lib_a-readr.o)
                0x00014bc4                _read_r
 .text          0x00014c3c      0x5f4 c:/altera/12.0/nios2eds/bin/gnu/h-i686-mingw32/bin/../lib/gcc/nios2-elf/4.1.2/../../../../nios2-elf/lib\libc.a(lib_a-reallocr.o)
                0x00014c3c                _realloc_r
 .text          0x00015230       0x40 c:/altera/12.0/nios2eds/bin/gnu/h-i686-mingw32/bin/../lib/gcc/nios2-elf/4.1.2/../../../../nios2-elf/lib\libc.a(lib_a-s_isinfd.o)
                0x00015230                __isinfd
 .text          0x00015270       0x30 c:/altera/12.0/nios2eds/bin/gnu/h-i686-mingw32/bin/../lib/gcc/nios2-elf/4.1.2/../../../../nios2-elf/lib\libc.a(lib_a-s_isnand.o)
                0x00015270                __isnand
 .text          0x000152a0       0xc0 c:/altera/12.0/nios2eds/bin/gnu/h-i686-mingw32/bin/../lib/gcc/nios2-elf/4.1.2/../../../../nios2-elf/lib\libc.a(lib_a-sccl.o)
                0x000152a0                __sccl
 .text          0x00015360        0x8 c:/altera/12.0/nios2eds/bin/gnu/h-i686-mingw32/bin/../lib/gcc/nios2-elf/4.1.2/../../../../nios2-elf/lib\libc.a(lib_a-sf_nan.o)
                0x00015360                nanf
 .text          0x00015368     0x166c c:/altera/12.0/nios2eds/bin/gnu/h-i686-mingw32/bin/../lib/gcc/nios2-elf/4.1.2/../../../../nios2-elf/lib\libc.a(lib_a-strtod.o)
                0x000153b0                _strtod_r
                0x00016894                strtof
                0x000169b8                strtod
 .text          0x000169d4      0x318 c:/altera/12.0/nios2eds/bin/gnu/h-i686-mingw32/bin/../lib/gcc/nios2-elf/4.1.2/../../../../nios2-elf/lib\libc.a(lib_a-strtoll_r.o)
                0x000169d4                _strtoll_r
 .text          0x00016cec      0x254 c:/altera/12.0/nios2eds/bin/gnu/h-i686-mingw32/bin/../lib/gcc/nios2-elf/4.1.2/../../../../nios2-elf/lib\libc.a(lib_a-strtoul.o)
                0x00016cec                _strtoul_r
                0x00016f1c                strtoul
 .text          0x00016f40      0x2f0 c:/altera/12.0/nios2eds/bin/gnu/h-i686-mingw32/bin/../lib/gcc/nios2-elf/4.1.2/../../../../nios2-elf/lib\libc.a(lib_a-strtoull_r.o)
                0x00016f40                _strtoull_r
 .text          0x00017230      0x294 c:/altera/12.0/nios2eds/bin/gnu/h-i686-mingw32/bin/../lib/gcc/nios2-elf/4.1.2/../../../../nios2-elf/lib\libc.a(lib_a-ungetc.o)
                0x00017230                __submore
                0x0001730c                _ungetc_r
                0x000174a8                ungetc
 .text          0x000174c4       0xb4 c:/altera/12.0/nios2eds/bin/gnu/h-i686-mingw32/bin/../lib/gcc/nios2-elf/4.1.2/../../../../nios2-elf/lib\libc.a(lib_a-callocr.o)
                0x000174c4                _calloc_r
 .text          0x00017578      0x8f4 c:/altera/12.0/nios2eds/bin/gnu/h-i686-mingw32/bin/../lib/gcc/nios2-elf/4.1.2/../../../../nios2-elf/lib\libc.a(lib_a-gdtoa-gethex.o)
                0x0001759c                __hexdig_init
                0x000176b4                __gethex
 .text          0x00017e6c      0x294 c:/altera/12.0/nios2eds/bin/gnu/h-i686-mingw32/bin/../lib/gcc/nios2-elf/4.1.2/../../../../nios2-elf/lib\libc.a(lib_a-gdtoa-hexnan.o)
                0x00017eb8                __hexnan
 .text          0x00018100       0xa4 c:/altera/12.0/nios2eds/bin/gnu/h-i686-mingw32/bin/../lib/gcc/nios2-elf/4.1.2\libgcc.a(_fixunsdfsi.o)
                0x00018100                __fixunsdfsi
 .text          0x000181a4      0x5dc c:/altera/12.0/nios2eds/bin/gnu/h-i686-mingw32/bin/../lib/gcc/nios2-elf/4.1.2\libgcc.a(_udivdi3.o)
                0x000181a4                __udivdi3
 .text          0x00018780      0x5b0 c:/altera/12.0/nios2eds/bin/gnu/h-i686-mingw32/bin/../lib/gcc/nios2-elf/4.1.2\libgcc.a(_umoddi3.o)
                0x00018780                __umoddi3
 .text          0x00018d30       0x78 c:/altera/12.0/nios2eds/bin/gnu/h-i686-mingw32/bin/../lib/gcc/nios2-elf/4.1.2\libgcc.a(_ne_sf.o)
                0x00018d30                __nesf2
 .text          0x00018da8       0x78 c:/altera/12.0/nios2eds/bin/gnu/h-i686-mingw32/bin/../lib/gcc/nios2-elf/4.1.2\libgcc.a(_gt_sf.o)
                0x00018da8                __gtsf2
 .text          0x00018e20       0x78 c:/altera/12.0/nios2eds/bin/gnu/h-i686-mingw32/bin/../lib/gcc/nios2-elf/4.1.2\libgcc.a(_lt_sf.o)
                0x00018e20                __ltsf2
 .text          0x00018e98       0x88 c:/altera/12.0/nios2eds/bin/gnu/h-i686-mingw32/bin/../lib/gcc/nios2-elf/4.1.2\libgcc.a(_ne_df.o)
                0x00018e98                __nedf2
 .text          0x00018f20       0x88 c:/altera/12.0/nios2eds/bin/gnu/h-i686-mingw32/bin/../lib/gcc/nios2-elf/4.1.2\libgcc.a(_lt_df.o)
                0x00018f20                __ltdf2
 .text          0x00018fa8       0x88 c:/altera/12.0/nios2eds/bin/gnu/h-i686-mingw32/bin/../lib/gcc/nios2-elf/4.1.2\libgcc.a(_le_df.o)
                0x00018fa8                __ledf2
 .text          0x00019030      0x194 c:/altera/12.0/nios2eds/bin/gnu/h-i686-mingw32/bin/../lib/gcc/nios2-elf/4.1.2\libgcc.a(_usi_to_df.o)
                0x00019030                __floatunsidf
 .text          0x000191c4       0xa8 c:/altera/12.0/nios2eds/bin/gnu/h-i686-mingw32/bin/../lib/gcc/nios2-elf/4.1.2\libgcc.a(_fpcmp_parts_sf.o)
                0x000191c4                __fpcmp_parts_f
 .text          0x0001926c       0x78 ../web_server_bsp/\libucosii_bsp.a(alt_dcache_flush.o)
                0x0001926c                alt_dcache_flush
 .text          0x000192e4       0xd0 ../web_server_bsp/\libucosii_bsp.a(alt_flash_dev.o)
                0x000192e4                alt_flash_open_dev
                0x00019360                alt_flash_close_dev
 .text          0x000193b4      0x134 ../web_server_bsp/\libucosii_bsp.a(alt_fstat.o)
                0x000193b4                fstat
 .text          0x000194e8      0x120 ../web_server_bsp/\libucosii_bsp.a(alt_isatty.o)
                0x000194e8                isatty
 .text          0x00019608       0xec ../web_server_bsp/\libucosii_bsp.a(alt_load.o)
                0x00019608                alt_load
 .text          0x000196f4      0x150 ../web_server_bsp/\libucosii_bsp.a(alt_lseek.o)
                0x000196f4                lseek
 .text          0x00019844       0xc8 ../web_server_bsp/\libucosii_bsp.a(alt_main.o)
                0x00019844                alt_main
 .text          0x0001990c      0x2c4 ../web_server_bsp/\libucosii_bsp.a(alt_open.o)
                0x000199e8                open
 .text          0x00019bd0       0x60 ../web_server_bsp/\libucosii_bsp.a(alt_release_fd.o)
                0x00019bd0                alt_release_fd
 .text          0x00019c30       0xbc ../web_server_bsp/\libucosii_bsp.a(alt_sbrk.o)
                0x00019c30                sbrk
 .text          0x00019cec      0x1a8 ../web_server_bsp/\libucosii_bsp.a(alt_tick.o)
                0x00019cec                alt_alarm_stop
                0x00019d84                alt_tick
 .text          0x00019e94      0x118 ../web_server_bsp/\libucosii_bsp.a(alt_usleep.o)
                0x00019e94                usleep
 .text          0x00019fac      0x108 ../web_server_bsp/\libucosii_bsp.a(alt_env_lock.o)
                0x00019fac                __env_lock
                0x0001a058                __env_unlock
 .text          0x0001a0b4      0x1d8 ../web_server_bsp/\libucosii_bsp.a(alt_malloc_lock.o)
                0x0001a0b4                __malloc_lock
                0x0001a1bc                __malloc_unlock
 .text          0x0001a28c     0x2128 ../web_server_bsp/\libucosii_bsp.a(os_core.o)
                0x0001a28c                OSEventNameGet
                0x0001a3bc                OSEventNameSet
                0x0001a500                OSEventPendMulti
                0x0001abb4                OSInit
                0x0001ac08                OSIntEnter
                0x0001ac84                OSIntExit
                0x0001ad84                OSSchedLock
                0x0001ae10                OSSchedUnlock
                0x0001aef4                OSStart
                0x0001af64                OSStatInit
                0x0001b010                OSTimeTick
                0x0001b250                OSVersion
                0x0001b270                OS_Dummy
                0x0001b28c                OS_EventTaskRdy
                0x0001b420                OS_EventTaskWait
                0x0001b530                OS_EventTaskWaitMulti
                0x0001b684                OS_EventTaskRemove
                0x0001b73c                OS_EventTaskRemoveMulti
                0x0001b840                OS_EventWaitListInit
                0x0001bc0c                OS_MemClr
                0x0001bc60                OS_MemCopy
                0x0001bccc                OS_Sched
                0x0001be10                OS_StrCopy
                0x0001be90                OS_StrLen
                0x0001bee8                OS_TaskIdle
                0x0001bf44                OS_TaskStat
                0x0001c00c                OS_TaskStatStkChk
                0x0001c0d4                OS_TCBInit
 .text          0x0001c3b4      0x18c ../web_server_bsp/\libucosii_bsp.a(os_dbg.o)
                0x0001c3b4                OSDebugInit
 .text          0x0001c540     0x193c ../web_server_bsp/\libucosii_bsp.a(os_flag.o)
                0x0001c540                OSFlagAccept
                0x0001c874                OSFlagCreate
                0x0001c9b0                OSFlagDel
                0x0001cc58                OSFlagNameGet
                0x0001cd9c                OSFlagNameSet
                0x0001cef0                OSFlagPend
                0x0001d534                OSFlagPendGetFlagsRdy
                0x0001d59c                OSFlagPost
                0x0001d944                OSFlagQuery
                0x0001dbdc                OS_FlagInit
                0x0001ddd0                OS_FlagUnlink
 .text          0x0001de7c      0xc8c ../web_server_bsp/\libucosii_bsp.a(os_mbox.o)
                0x0001de7c                OSMboxAccept
                0x0001df20                OSMboxCreate
                0x0001e034                OSMboxDel
                0x0001e2d4                OSMboxPend
                0x0001e59c                OSMboxPendAbort
                0x0001e718                OSMboxPost
                0x0001e84c                OSMboxPostOpt
                0x0001e9d8                OSMboxQuery
 .text          0x0001eb08      0x808 ../web_server_bsp/\libucosii_bsp.a(os_mem.o)
                0x0001eb08                OSMemCreate
                0x0001ed24                OSMemGet
                0x0001ee28                OSMemNameGet
                0x0001ef34                OSMemNameSet
                0x0001f054                OSMemPut
                0x0001f144                OSMemQuery
                0x0001f240                OS_MemInit
 .text          0x0001f310     0x1334 ../web_server_bsp/\libucosii_bsp.a(os_q.o)
                0x0001f310                OSQAccept
                0x0001f464                OSQCreate
                0x0001f678                OSQDel
                0x0001f978                OSQFlush
                0x0001fa40                OSQPend
                0x0001fd60                OSQPendAbort
                0x0001fedc                OSQPost
                0x0002005c                OSQPostFront
                0x000201e4                OSQPostOpt
                0x00020418                OSQQuery
                0x00020598                OS_QInit
 .text          0x00020644      0xbc8 ../web_server_bsp/\libucosii_bsp.a(os_sem.o)
                0x00020644                OSSemAccept
                0x00020704                OSSemCreate
                0x00020818                OSSemDel
                0x00020ab8                OSSemPend
                0x00020d34                OSSemPendAbort
                0x00020eb0                OSSemPost
                0x00020fd8                OSSemQuery
                0x00021108                OSSemSet
 .text          0x0002120c     0x1a40 ../web_server_bsp/\libucosii_bsp.a(os_task.o)
                0x0002120c                OSTaskChangePrio
                0x00021780                OSTaskCreate
                0x00021954                OSTaskCreateExt
                0x00021b54                OSTaskDel
                0x00021f60                OSTaskDelReq
                0x000220d0                OSTaskNameGet
                0x00022288                OSTaskNameSet
                0x0002244c                OSTaskResume
                0x00022664                OSTaskStkChk
                0x00022860                OSTaskSuspend
                0x00022a8c                OSTaskQuery
                0x00022bd0                OS_TaskStkClr
 .text          0x00022c4c      0x598 ../web_server_bsp/\libucosii_bsp.a(os_time.o)
                0x00022c4c                OSTimeDly
                0x00022d98                OSTimeDlyHMSM
                0x00022f0c                OSTimeDlyResume
                0x0002311c                OSTimeGet
                0x00023180                OSTimeSet
 .text          0x000231e4      0x31c ../web_server_bsp/\libucosii_bsp.a(alt_sys_init.o)
                0x000231e4                alt_irq_init
                0x00023218                alt_sys_init
 .text          0x00023500      0x8c8 ../web_server_bsp/\libucosii_bsp.a(altera_avalon_cfi_flash.o)
                0x00023500                alt_flash_cfi_init
                0x000235d4                alt_flash_cfi_write
                0x00023894                alt_flash_cfi_get_info
                0x00023924                alt_flash_cfi_read
                0x0002398c                alt_write_value_to_flash
                0x00023af0                alt_flash_program_block
 .text          0x00023dc8     0x1448 ../web_server_bsp/\libucosii_bsp.a(altera_avalon_cfi_flash_table.o)
                0x00023dc8                alt_read_query_entry_8bit
                0x00023e08                alt_read_query_entry_16bit
                0x00023e4c                alt_read_query_entry_32bit
                0x00023e94                alt_write_flash_command_8bit_device_8bit_mode
                0x00023ed0                alt_write_flash_command_16bit_device_8bit_mode
                0x00023f4c                alt_write_flash_command_32bit_device_8bit_mode
                0x00023f94                alt_write_flash_command_16bit_device_16bit_mode
                0x00023fd8                alt_write_flash_command_32bit_device_16bit_mode
                0x00024020                alt_write_flash_command_32bit_device_32bit_mode
                0x00024068                alt_write_native_8bit
                0x0002409c                alt_write_native_16bit
                0x000240d0                alt_write_native_32bit
                0x00024100                alt_set_flash_width_func
                0x000242e0                alt_set_flash_algorithm_func
                0x00024408                alt_read_cfi_table
                0x00024988                alt_read_cfi_width
                0x00025134                alt_check_primary_table
 .text          0x00025210      0x148 ../web_server_bsp/\libucosii_bsp.a(altera_avalon_jtag_uart_fd.o)
                0x00025210                altera_avalon_jtag_uart_read_fd
                0x00025268                altera_avalon_jtag_uart_write_fd
                0x000252c0                altera_avalon_jtag_uart_close_fd
                0x00025308                altera_avalon_jtag_uart_ioctl_fd
 .text          0x00025358      0x584 ../web_server_bsp/\libucosii_bsp.a(altera_avalon_jtag_uart_init.o)
                0x00025358                altera_avalon_jtag_uart_init
                0x00025868                altera_avalon_jtag_uart_close
 .text          0x000258dc       0xf4 ../web_server_bsp/\libucosii_bsp.a(altera_avalon_jtag_uart_ioctl.o)
                0x000258dc                altera_avalon_jtag_uart_ioctl
 .text          0x000259d0      0x2c0 ../web_server_bsp/\libucosii_bsp.a(altera_avalon_jtag_uart_read.o)
                0x000259d0                altera_avalon_jtag_uart_read
 .text          0x00025c90      0x2dc ../web_server_bsp/\libucosii_bsp.a(altera_avalon_jtag_uart_write.o)
                0x00025c90                altera_avalon_jtag_uart_write
 .text          0x00025f6c      0xf3c ../web_server_bsp/\libucosii_bsp.a(altera_avalon_lcd_16207.o)
                0x00026740                altera_avalon_lcd_16207_write
                0x00026d44                altera_avalon_lcd_16207_init
 .text          0x00026ea8       0x58 ../web_server_bsp/\libucosii_bsp.a(altera_avalon_lcd_16207_fd.o)
                0x00026ea8                altera_avalon_lcd_16207_write_fd
 .text          0x00026f00      0xde4 ../web_server_bsp/\libucosii_bsp.a(altera_avalon_sgdma.o)
                0x00026f00                alt_avalon_sgdma_do_async_transfer
                0x0002703c                alt_avalon_sgdma_do_sync_transfer
                0x00027160                alt_avalon_sgdma_construct_mem_to_mem_desc
                0x000271d0                alt_avalon_sgdma_construct_mem_to_mem_desc_burst
                0x00027250                alt_avalon_sgdma_construct_stream_to_mem_desc
                0x000272a4                alt_avalon_sgdma_construct_stream_to_mem_desc_burst
                0x00027314                alt_avalon_sgdma_construct_mem_to_stream_desc
                0x00027388                alt_avalon_sgdma_construct_mem_to_stream_desc_burst
                0x0002740c                alt_avalon_sgdma_register_callback
                0x0002745c                alt_avalon_sgdma_start
                0x000274b0                alt_avalon_sgdma_stop
                0x00027508                alt_avalon_sgdma_check_descriptor_status
                0x00027578                alt_avalon_sgdma_open
                0x00027630                alt_avalon_sgdma_construct_descriptor
                0x000276b8                alt_avalon_sgdma_enable_desc_poll
                0x00027734                alt_avalon_sgdma_disable_desc_poll
                0x00027790                alt_avalon_sgdma_construct_descriptor_burst
                0x00027c38                alt_avalon_sgdma_init
 .text          0x00027ce4      0x100 ../web_server_bsp/\libucosii_bsp.a(altera_avalon_timer_sc.o)
                0x00027d54                alt_avalon_timer_sc_init
 .text          0x00027de4       0xf8 ../web_server_bsp/\libucosii_bsp.a(altera_avalon_uart_fd.o)
                0x00027de4                altera_avalon_uart_read_fd
                0x00027e3c                altera_avalon_uart_write_fd
                0x00027e94                altera_avalon_uart_close_fd
 .text          0x00027edc      0x57c ../web_server_bsp/\libucosii_bsp.a(altera_avalon_uart_init.o)
                0x00027edc                altera_avalon_uart_init
                0x000283f8                altera_avalon_uart_close
 .text          0x00028458      0x310 ../web_server_bsp/\libucosii_bsp.a(altera_avalon_uart_read.o)
                0x00028458                altera_avalon_uart_read
 .text          0x00028768      0x2a8 ../web_server_bsp/\libucosii_bsp.a(altera_avalon_uart_write.o)
                0x00028768                altera_avalon_uart_write
 .text          0x00028a10      0xb70 ../web_server_bsp/\libucosii_bsp.a(altera_ro_zipfs.o)
                0x00028c84                check_directory_header
                0x000291dc                alt_ro_zipfs_open
                0x00029274                alt_ro_zipfs_read
                0x00029370                alt_ro_zipfs_seek
                0x000294b8                alt_ro_zipfs_fstat
                0x00029528                alt_ro_zipfs_check_valid
 .text          0x00029580     0x1778 ../web_server_bsp/\libucosii_bsp.a(ins_tse_mac.o)
                0x00029580                triple_speed_ethernet_init
                0x000296dc                prep_tse_mac
                0x00029934                tse_mac_init
                0x0002a41c                tse_mac_raw_send
                0x0002a714                tse_sgdmaRx_isr
                0x0002a7bc                tse_sgdma_read_init
                0x0002a964                tse_mac_rcv
                0x0002abb4                tse_mac_stats
                0x0002abf4                tse_mac_close
 .text          0x0002acf8       0x54 ../web_server_bsp/\libucosii_bsp.a(alt_iniche_close.o)
                0x0002acf8                close
 .text          0x0002ad4c      0x144 ../web_server_bsp/\libucosii_bsp.a(alt_iniche_dev.o)
                0x0002ad4c                iniche_devices_init
 .text          0x0002ae90       0x78 ../web_server_bsp/\libucosii_bsp.a(alt_iniche_read.o)
                0x0002ae90                read
 .text          0x0002af08       0x70 ../web_server_bsp/\libucosii_bsp.a(alt_iniche_write.o)
                0x0002af08                write
 .text          0x0002af78      0xedc ../web_server_bsp/\libucosii_bsp.a(ipnet.o)
                0x0002af78                Netinit
                0x0002b5c4                fixup_subnet_mask
                0x0002b724                netclose
                0x0002b80c                pktdemux
                0x0002bbe0                c_older
                0x0002bcb0                ip2mac
 .text          0x0002be54      0x4b0 ../web_server_bsp/\libucosii_bsp.a(ipstart.o)
                0x0002be54                ip_startup
                0x0002c138                exit_hook
                0x0002c1a4                ip_exit
                0x0002c274                if_netnumber
 .text          0x0002c304     0x1010 ../web_server_bsp/\libucosii_bsp.a(igmp_cmn.o)
                0x0002c304                igmp_init
                0x0002c3b4                igmp_input
                0x0002c4ac                igmp_fasttimo
                0x0002c648                igmp_send
                0x0002c8f0                igmp_joingroup
                0x0002cb5c                igmp_leavegroup
                0x0002cbd8                igmp_validate
                0x0002cf34                igmp_print_stats
 .text          0x0002d314      0xb50 ../web_server_bsp/\libucosii_bsp.a(bsdsock.o)
                0x0002d314                bsd_accept
                0x0002d44c                bsd_getpeername
                0x0002d578                bsd_getsockname
                0x0002d6a4                bsd_i_sockoptlen
                0x0002d85c                bsd_getsockopt
                0x0002d97c                bsd_ioctl
                0x0002da80                bsd_inet_ntoa
                0x0002dab0                bsd_recvfrom
                0x0002dc10                bsd_select
                0x0002dd78                bsd_setsockopt
 .text          0x0002de64      0x118 ../web_server_bsp/\libucosii_bsp.a(cksum.o)
                0x0002de64                ccksum
                0x0002df14                cksum
 .text          0x0002df7c      0xa9c ../web_server_bsp/\libucosii_bsp.a(in_utils.o)
                0x0002df7c                do_trap
                0x0002dfa8                nextarg
                0x0002e024                hexdump
                0x0002e16c                print_ipad
                0x0002e1e0                print_uptime
                0x0002e30c                panic
                0x0002e350                print_eth
                0x0002e4b4                uslash
                0x0002e534                ns_printf
                0x0002e6b8                std_out
                0x0002e6fc                con_page
                0x0002e7ec                parse_args
 .text          0x0002ea18      0x1c8 ../web_server_bsp/\libucosii_bsp.a(netmain.o)
                0x0002ea18                netmain
                0x0002eb0c                tk_netmain
                0x0002eb94                tk_nettick
 .text          0x0002ebe0      0x5e8 ../web_server_bsp/\libucosii_bsp.a(tk_crnos.o)
                0x0002ebe0                TK_OSTimeDly
                0x0002ec0c                TK_OSTaskResume
                0x0002ec7c                tcp_sleep
                0x0002ee1c                tcp_wakeup
                0x0002ef20                TK_OSTaskQuery
                0x0002ef94                tk_yield
                0x0002efc0                tk_stats
 .text          0x0002f1c8     0x2f40 ../web_server_bsp/\libucosii_bsp.a(dhcpclnt.o)
                0x0002f1c8                dhc_get_srv_ipaddr
                0x0002f258                dhc_init
                0x0002f314                dhc_set_callback
                0x0002f358                dhc_upcall
                0x0002fb88                dhc_buildheader
                0x0002fda4                dhc_discover
                0x000302bc                dhc_rx_offer
                0x000303c0                dhc_request
                0x00030efc                dhc_setip
                0x0003117c                dhc_resetip
                0x00031260                dhc_decline
                0x00031444                dhc_extract_opts
                0x00031700                dhc_second
                0x00031c9c                dhc_halt
                0x00031d24                dhc_reclaim
                0x00031ef4                dhc_state_init
                0x00031f54                dhc_alldone
                0x00031fe4                dhc_ifacedone
                0x00032058                dhc_set_state
 .text          0x00032108       0xcc ../web_server_bsp/\libucosii_bsp.a(dhcputil.o)
                0x00032108                find_opt
 .text          0x000321d4      0x79c ../web_server_bsp/\libucosii_bsp.a(pktalloc.o)
                0x000321d4                pk_init
                0x00032464                pk_alloc
                0x00032540                pk_validate
                0x000327f8                pk_free
                0x000328a4                pk_get_max_intrsafe_buf_len
                0x000328c4                dump_buf_estats
 .text          0x00032970      0x288 ../web_server_bsp/\libucosii_bsp.a(q.o)
                0x00032970                getq
                0x00032a38                putq
                0x00032ae8                qdel
 .text          0x00032bf8      0x31c ../web_server_bsp/\libucosii_bsp.a(udp_open.o)
                0x00032bf8                udp_open
                0x00032e30                udp_close
 .text          0x00032f14      0x194 ../web_server_bsp/\libucosii_bsp.a(asm_cksum.o)
                0x00032f14                asm_cksum
 .text          0x000330a8      0x2a0 ../web_server_bsp/\libucosii_bsp.a(brdutils.o)
                0x000330a8                dtrap
                0x000330d8                kbhit
                0x00033184                getch
                0x000331e4                clock_init
                0x00033220                clock_c
                0x0003323c                cticks_hook
                0x000332a8                irq_Mask
                0x00033304                irq_Unmask
 .text          0x00033348      0x488 ../web_server_bsp/\libucosii_bsp.a(osportco.o)
                0x00033348                LOCK_NET_RESOURCE
                0x00033408                UNLOCK_NET_RESOURCE
                0x00033490                TK_NEWTASK
                0x000336a4                wait_app_sem
                0x00033758                post_app_sem
 .text          0x000337d0      0x568 ../web_server_bsp/\libucosii_bsp.a(targnios.o)
                0x000337d0                alt_iniche_init
                0x000339ec                pre_task_setup
                0x00033a60                post_task_setup
                0x00033a80                prep_armintcp
                0x00033ab8                calloc2
                0x00033aec                npalloc
                0x00033be0                npfree
                0x00033c98                ncpalloc
                0x00033cec                ncpfree
 .text          0x00033d38     0x197c ../web_server_bsp/\libucosii_bsp.a(nptcp.o)
                0x00033d38                pffindtype
                0x00033dd8                pffindproto
                0x00033ea8                m_getnbuf
                0x00034050                m_free
                0x00034184                m_freem
                0x000341c8                m_copy
                0x000344ec                m_adj
                0x000346bc                mbuf_len
                0x00034714                dtom
                0x000347bc                remque
                0x0003482c                insque
                0x000348a8                nptcp_init
                0x000349cc                tcp_rcv
                0x00034bb8                ip_output
                0x000351b0                in_broadcast
                0x000351f0                np_stripoptions
                0x000352d8                so_icmpdu
                0x00035630                tcp_tick
 .text          0x000356b4      0xa2c ../web_server_bsp/\libucosii_bsp.a(rawsock.o)
                0x000356b4                rawip_lookup
                0x00035724                rawip_soinput
                0x000358f8                rawip_usrreq
 .text          0x000360e0     0x17fc ../web_server_bsp/\libucosii_bsp.a(sockcall.o)
                0x000360e0                DOMAIN_CHECK
                0x0003612c                t_socket
                0x000361bc                t_bind
                0x00036338                t_listen
                0x0003641c                t_accept
                0x000366b4                t_connect
                0x0003695c                t_getpeername
                0x000369a0                t_getsockname
                0x00036be0                t_setsockopt
                0x00036dbc                t_getsockopt
                0x00036f60                t_recv
                0x00037050                t_recvfrom
                0x000371a0                t_sendto
                0x000373cc                t_send
                0x000375f4                t_shutdown
                0x000376d8                t_socketclose
                0x00037840                t_errno
 .text          0x000378dc     0x2374 ../web_server_bsp/\libucosii_bsp.a(socket.o)
                0x000378dc                socreate
                0x00037aa8                sobind
                0x00037b04                solisten
                0x00037bf4                sofree
                0x00037d24                soclose
                0x00038018                soabort
                0x00038068                soaccept
                0x00038104                soconnect
                0x000381d8                sodisconnect
                0x00038278                sosend
                0x00038880                soreceive
                0x00039064                soshutdown
                0x0003910c                sorflush
                0x0003920c                sosetopt
                0x000396cc                sogetopt
                0x00039c0c                sohasoutofband
 .text          0x00039c50     0x1318 ../web_server_bsp/\libucosii_bsp.a(socket2.o)
                0x00039c50                soisconnecting
                0x00039cbc                soisconnected
                0x00039db8                soisdisconnecting
                0x00039e44                soisdisconnected
                0x00039f00                sonewconn
                0x0003a11c                soqinsque
                0x0003a1c8                soqremque
                0x0003a2e8                socantsendmore
                0x0003a338                socantrcvmore
                0x0003a388                sbselqueue
                0x0003a3c0                sbwait
                0x0003a428                sbwakeup
                0x0003a4c4                soreserve
                0x0003a544                sbreserve
                0x0003a5a4                sbrelease
                0x0003a5ec                sbappend
                0x0003a694                sbappendrecord
                0x0003a774                sbappendaddr
                0x0003a97c                sbcompress
                0x0003ab64                sbflush
                0x0003abf4                sbdrop
                0x0003adc4                sbdropend
                0x0003aed4                sbdroprecord
 .text          0x0003af68      0x914 ../web_server_bsp/\libucosii_bsp.a(soselect.o)
                0x0003af68                t_select
                0x0003b188                sock_selscan
                0x0003b2e0                sock_select
                0x0003b4f4                in_pcbnotify
                0x0003b5c0                tcp_notify
                0x0003b628                ifd_clr
                0x0003b718                ifd_set
                0x0003b78c                ifd_isset
                0x0003b80c                ifd_get
 .text          0x0003b87c     0x2fe8 ../web_server_bsp/\libucosii_bsp.a(tcp_in.o)
                0x0003b87c                tcp_reass
                0x0003bc84                tcp_input
                0x0003e1d8                tcp_dooptions
                0x0003e368                tcp_pulloutofband
                0x0003e494                tcp_xmit_timer
                0x0003e700                ip4_tcpmss
                0x0003e748                tcp_mss
 .text          0x0003e864     0x1360 ../web_server_bsp/\libucosii_bsp.a(tcp_out.o)
                0x0003e864                tcp_output
                0x0003f9e0                tcp_setpersist
 .text          0x0003fbc4      0x9e8 ../web_server_bsp/\libucosii_bsp.a(tcp_subr.o)
                0x0003fbc4                tcp_init
                0x0003fc1c                tcp_template
                0x0003fd34                tcp_respond
                0x000401bc                tcp_newtcpcb
                0x000402d4                tcp_drop
                0x00040380                tcp_close
                0x00040468                tcp_quench
                0x000404b4                tcp_putseq
                0x00040534                tcp_getseq
 .text          0x000405ac      0x798 ../web_server_bsp/\libucosii_bsp.a(tcp_timr.o)
                0x000405ac                tcp_slowtimo
                0x0004084c                tcp_canceltimers
                0x000408a8                tcp_timers
 .text          0x00040d44      0x9ec ../web_server_bsp/\libucosii_bsp.a(tcp_usr.o)
                0x00040d44                tcp_usrreq
                0x00041448                tcp_attach
                0x0004157c                tcp_disconnect
                0x00041650                tcp_usrclosed
 .text          0x00041730       0x4c ../web_server_bsp/\libucosii_bsp.a(tcpport.o)
                0x00041730                tcpinit
 .text          0x0004177c      0xd20 ../web_server_bsp/\libucosii_bsp.a(udpsock.o)
                0x0004177c                udp_lookup
                0x000417ec                udp_soinput
                0x000419a4                udp_usrreq
                0x00041c28                udp4_sockbind
                0x00041f64                udp4_socksend
                0x00042340                udp4_sockaddr
 .text          0x0004249c      0x154 ../web_server_bsp/\libucosii_bsp.a(alt_alarm_start.o)
                0x0004249c                alt_alarm_start
 .text          0x000425f0      0x14c ../web_server_bsp/\libucosii_bsp.a(alt_busy_sleep.o)
                0x000425f0                alt_busy_sleep
 .text          0x0004273c      0x15c ../web_server_bsp/\libucosii_bsp.a(alt_close.o)
                0x0004273c                alt_close
 .text          0x00042898       0x44 ../web_server_bsp/\libucosii_bsp.a(alt_dcache_flush_all.o)
                0x00042898                alt_dcache_flush_all
 .text          0x000428dc       0x2c ../web_server_bsp/\libucosii_bsp.a(alt_dev.o)
 .text          0x00042908      0x114 ../web_server_bsp/\libucosii_bsp.a(alt_dev_llist_insert.o)
                0x00042908                alt_dev_llist_insert
 .text          0x00042a1c       0x64 ../web_server_bsp/\libucosii_bsp.a(alt_do_ctors.o)
                0x00042a1c                _do_ctors
 .text          0x00042a80       0x64 ../web_server_bsp/\libucosii_bsp.a(alt_do_dtors.o)
                0x00042a80                _do_dtors
 .text          0x00042ae4        0x0 ../web_server_bsp/\libucosii_bsp.a(alt_errno.o)
 .text          0x00042ae4       0x94 ../web_server_bsp/\libucosii_bsp.a(alt_find_dev.o)
                0x00042ae4                alt_find_dev
 .text          0x00042b78      0x120 ../web_server_bsp/\libucosii_bsp.a(alt_find_file.o)
                0x00042b78                alt_find_file
 .text          0x00042c98       0x90 ../web_server_bsp/\libucosii_bsp.a(alt_fs_reg.o)
                0x00042c98                alt_fs_reg
 .text          0x00042d28       0xf4 ../web_server_bsp/\libucosii_bsp.a(alt_get_fd.o)
                0x00042d28                alt_get_fd
 .text          0x00042e1c       0x30 ../web_server_bsp/\libucosii_bsp.a(alt_icache_flush_all.o)
                0x00042e1c                alt_icache_flush_all
 .text          0x00042e4c      0x1d4 ../web_server_bsp/\libucosii_bsp.a(alt_iic.o)
                0x00042e4c                alt_ic_isr_register
                0x00042e9c                alt_ic_irq_enable
                0x00042f38                alt_ic_irq_disable
                0x00042fd8                alt_ic_irq_enabled
 .text          0x00043020       0xf8 ../web_server_bsp/\libucosii_bsp.a(alt_iic_isr_register.o)
                0x00043020                alt_iic_isr_register
 .text          0x00043118      0x13c ../web_server_bsp/\libucosii_bsp.a(alt_io_redirect.o)
                0x000431dc                alt_io_redirect
 .text          0x00043254        0x0 ../web_server_bsp/\libucosii_bsp.a(alt_irq_entry.o)
 .text          0x00043254        0x0 ../web_server_bsp/\libucosii_bsp.a(alt_irq_handler.o)
 .text          0x00043254        0x0 ../web_server_bsp/\libucosii_bsp.a(alt_irq_vars.o)
 .text          0x00043254      0x180 ../web_server_bsp/\libucosii_bsp.a(alt_read.o)
                0x00043254                alt_read
 .text          0x000433d4       0x38 ../web_server_bsp/\libucosii_bsp.a(alt_remap_cached.o)
                0x000433d4                alt_remap_cached
 .text          0x0004340c       0x40 ../web_server_bsp/\libucosii_bsp.a(alt_remap_uncached.o)
                0x0004340c                alt_remap_uncached
 .text          0x0004344c       0x64 ../web_server_bsp/\libucosii_bsp.a(alt_uncached_malloc.o)
                0x0004344c                alt_uncached_malloc
 .text          0x000434b0      0x180 ../web_server_bsp/\libucosii_bsp.a(alt_write.o)
                0x000434b0                alt_write
 .text          0x00043630       0x20 ../web_server_bsp/\libucosii_bsp.a(altera_nios2_qsys_irq.o)
                0x00043630                altera_nios2_qsys_irq_init
 .text          0x00043650       0xd0 ../web_server_bsp/\libucosii_bsp.a(os_cpu_a.o)
                0x00043650                OSCtxSw
                0x00043650                OSIntCtxSw
                0x000436dc                OSStartHighRdy
                0x000436fc                OSStartTsk
 .text          0x00043720      0x424 ../web_server_bsp/\libucosii_bsp.a(os_cpu_c.o)
                0x00043720                OSTaskStkInit
                0x00043a30                OSTaskCreateHook
                0x00043a50                OSTaskDelHook
                0x00043a70                OSTaskSwHook
                0x00043a8c                OSTaskStatHook
                0x00043aa8                OSTimeTickHook
                0x00043ad0                OSInitHookBegin
                0x00043aec                OSInitHookEnd
                0x00043b08                OSTaskIdleHook
                0x00043b24                OSTCBInitHook
 .text          0x00043b44      0x460 ../web_server_bsp/\libucosii_bsp.a(altera_avalon_cfi_flash_amd.o)
                0x00043b44                alt_program_amd
                0x00043bac                alt_erase_block_amd
 .text          0x00043fa4      0x460 ../web_server_bsp/\libucosii_bsp.a(altera_avalon_cfi_flash_intel.o)
                0x00043fa4                alt_program_intel
                0x00044028                alt_erase_block_intel
 .text          0x00044404     0x5350 ../web_server_bsp/\libucosii_bsp.a(altera_avalon_tse.o)
                0x00044404                no_printf
                0x00044430                tse_mac_initTransInfo2
                0x00044490                tse_mac_sTxWrite
                0x00044580                tse_mac_aRxRead
                0x00044624                tse_mac_SwReset
                0x000446b8                tse_mac_setMIImode
                0x00044710                tse_mac_setGMIImode
                0x00044764                alt_tse_phy_add_profile
                0x0004493c                alt_tse_system_add_sys
                0x00045350                alt_tse_sys_enable_mdio_sharing
                0x000454c8                alt_tse_mac_get_common_speed
                0x00045508                alt_tse_mac_set_common_speed
                0x00045550                alt_tse_get_system_index
                0x000455cc                alt_tse_get_mac_group_index
                0x0004564c                alt_tse_get_mac_info_index
                0x000456d8                alt_tse_get_mac_info
                0x000457b8                alt_tse_mac_set_speed
                0x000458a4                alt_tse_mac_set_duplex
                0x0004593c                getPHYSpeed
                0x00046754                alt_tse_phy_rd_mdio_addr
                0x0004679c                alt_tse_phy_wr_mdio_addr
                0x000467f0                alt_tse_phy_wr_mdio_reg
                0x00046918                alt_tse_phy_rd_mdio_reg
                0x000469dc                alt_tse_phy_add_profile_default
                0x00046c54                alt_tse_phy_print_profile
                0x00046e44                alt_tse_mac_group_init
                0x00047550                alt_tse_mac_get_phy
                0x00047968                alt_tse_mac_associate_phy
                0x00047ba0                alt_tse_phy_cfg_pcs
                0x00047cc0                alt_tse_phy_init
                0x00047dd4                alt_tse_phy_restart_an
                0x00047f84                alt_tse_phy_check_link
                0x000480c8                alt_tse_phy_get_cap
                0x00048608                alt_tse_phy_set_adv_1000
                0x0004879c                alt_tse_phy_set_adv_100
                0x000489ac                alt_tse_phy_set_adv_10
                0x00048b44                alt_tse_phy_get_common_speed
                0x00048e60                alt_tse_phy_set_common_speed
                0x00049344                marvell_phy_cfg
                0x000493ec                marvell_cfg_gmii
                0x000494e0                marvell_cfg_sgmii
                0x000495d4                marvell_cfg_rgmii
                0x000496d4                DP83848C_link_status_read
 .text          0x00049754        0x0 ../web_server_bsp/\libucosii_bsp.a(altera_avalon_tse_system_info.o)
 .text          0x00049754      0x3d4 ../web_server_bsp/\libucosii_bsp.a(allports.o)
                0x00049754                netmain_init
                0x00049850                icmp_port_du
                0x000498d8                station_state
                0x00049a24                sysuptime
                0x00049a60                packet_check
                0x00049aac                mcastlist
                0x00049ad0                prep_modules
 .text          0x00049b28      0x480 ../web_server_bsp/\libucosii_bsp.a(timeouts.o)
                0x00049b28                inet_timer
                0x00049d84                in_timerset
                0x00049f00                in_timerkill
 .text          0x00049fa8       0xa4 ../web_server_bsp/\libucosii_bsp.a(tk_misc.o)
                0x00049fa8                create_apptasks
                0x00049fcc                task_stats
 .text          0x0004a04c       0xb0 ../web_server_bsp/\libucosii_bsp.a(alt_iniche_fcntl.o)
                0x0004a04c                fcntl
 .text          0x0004a0fc     0x14a0 ../web_server_bsp/\libucosii_bsp.a(et_arp.o)
                0x0004a0fc                etainit
                0x0004a150                et_send
                0x0004a2cc                arp_free_pending
                0x0004a354                arp_send_pending
                0x0004a3c8                send_arp
                0x0004a860                find_oldest_arp
                0x0004aa08                make_arp_entry
                0x0004ab1c                arpReply
                0x0004adb0                arprcv
                0x0004b010                send_via_arp
                0x0004b1b8                cb_arpent_tmo
                0x0004b2d0                grat_arp
 .text          0x0004b59c      0x298 ../web_server_bsp/\libucosii_bsp.a(iface.o)
                0x0004b59c                if_getbynum
                0x0004b620                isbcast
                0x0004b700                reg_type
                0x0004b79c                if_killsocks
 .text          0x0004b834     0x22a4 ../web_server_bsp/\libucosii_bsp.a(ip.o)
                0x0004b834                ip_init
                0x0004b930                ip_bldhead
                0x0004bad4                ip_write_internal
                0x0004c254                ip_write
                0x0004c49c                ip_write2
                0x0004c84c                ip_raw_write
                0x0004c924                ip_fragment_lc
                0x0004cdac                ip_fragment
                0x0004d3d0                ip_mymach
                0x0004d47c                ip_dump
                0x0004d734                iproute
                0x0004d9a0                ip_copypkt
 .text          0x0004dad8     0x1d9c ../web_server_bsp/\libucosii_bsp.a(ip_reasm.o)
                0x0004dad8                ip_reasm_match_frag_with_ire
                0x0004dba8                ip_reasm_determine_type_of_frag
                0x0004dc94                ip_reasm_check_mem_useage
                0x0004dd2c                ip_reasm_incr_mem_useage
                0x0004ddd4                ip_reasm_decr_mem_useage
                0x0004de74                ip_reasm_process_first_fragment
                0x0004e154                ip_reassm
                0x0004e1f4                ip_reasm_compute_overlap
                0x0004e784                ip_reasm_process_subsequent_fragments
                0x0004ed18                ip_reasm_find_ire
                0x0004ed7c                ip_reasm_copy_queued_fragments_into_reassy_buffer
                0x0004f0d8                ip_reasm_process_timer_tick
                0x0004f1bc                ip_reasm_delete_ire
                0x0004f384                ip_reasm_mark_compact_rfq
                0x0004f4cc                ipr_stats
                0x0004f820                ip_reasm_send_icmp_timex
 .text          0x0004f874      0xe3c ../web_server_bsp/\libucosii_bsp.a(ipdemux.o)
                0x0004f874                ip_rcv
                0x0004fc74                ip_rcv_phase2
                0x00050280                ip_demux
 .text          0x000506b0      0x2f0 ../web_server_bsp/\libucosii_bsp.a(ipmc.o)
                0x000506b0                in_addmulti
                0x00050818                in_delmulti
                0x00050930                lookup_mcast
 .text          0x000509a0       0xe4 ../web_server_bsp/\libucosii_bsp.a(ipport.o)
                0x000509a0                prep_ifaces
                0x00050a34                netexit
                0x00050a5c                evtmap_setup
 .text          0x00050a84      0x550 ../web_server_bsp/\libucosii_bsp.a(ipraw.o)
                0x00050a84                ip_raw_open
                0x00050b74                ip_raw_close
                0x00050c34                ip_raw_input
                0x00050e6c                ip_raw_alloc
                0x00050f38                ip_raw_free
                0x00050f78                ip_raw_maxalloc
 .text          0x00050fd4      0x6f0 ../web_server_bsp/\libucosii_bsp.a(iproute.o)
                0x00050fd4                rt_lookup
                0x00051158                add_route
                0x00051580                del_route
 .text          0x000516c4      0xe3c ../web_server_bsp/\libucosii_bsp.a(udp.o)
                0x000516c4                udpdemux
                0x00051f1c                udp_send
                0x000521d4                udpswap
                0x00052304                udp_socket
                0x000523d4                udp_alloc
                0x00052494                udp_maxalloc
                0x000524c0                udp_free
 .text          0x00052500      0x2e8 ../web_server_bsp/\libucosii_bsp.a(igmp.o)
                0x00052500                igmpv1_input
 .text          0x000527e8      0x7c0 ../web_server_bsp/\libucosii_bsp.a(igmp2.o)
                0x000527e8                igmpv2_input
                0x00052948                igmpv2_process_report
                0x00052a94                igmpv2_process_query
                0x00052ce0                igmpv2_chk_set_timer
                0x00052e38                igmpv2_chk4_rtr_alert_opt
 .text          0x00052fa8      0x8fc ../web_server_bsp/\libucosii_bsp.a(ipopt.o)
                0x00052fa8                IPADDR_TO_NETP
                0x000530f0                ip_setmoptions
                0x000536e0                ip_getmoptions
                0x00053820                ip_freemoptions
 .text          0x000538a4      0x6ac ../web_server_bsp/\libucosii_bsp.a(u_mctest.o)
                0x000538a4                u_mctest_init
                0x000538d4                u_mctest_run
 .text          0x00053f50      0x38c ../web_server_bsp/\libucosii_bsp.a(dhcsetup.o)
                0x00053f50                dhc_setup
                0x000541d8                dhc_main_ipset
 .text          0x000542dc      0x40c ../web_server_bsp/\libucosii_bsp.a(memdev.o)
                0x000542dc                init_memdev
                0x00054354                md_fopen
                0x0005437c                md_fclose
                0x0005439c                md_fread
                0x0005451c                md_fwrite
                0x0005459c                md_fseek
                0x000545c8                md_ftell
                0x000545ec                md_fgetc
                0x000546c4                md_unlink
 .text          0x000546e8      0x810 ../web_server_bsp/\libucosii_bsp.a(parseip.o)
                0x000546e8                parse_ipad
                0x00054a04                inet_addr
                0x00054a6c                hextoa
                0x00054adc                inet_pton
                0x00054b88                inet_ntop
                0x00054c14                print46_addr
                0x00054c74                inet46_addr
                0x00054d38                inet_setport
                0x00054dac                convert_ip
 .text          0x00054ef8      0x1cc ../web_server_bsp/\libucosii_bsp.a(tcpcksum.o)
                0x00054ef8                tcp_cksum
 .text          0x000550c4      0x900 ../web_server_bsp/\libucosii_bsp.a(in_pcb.o)
                0x000550c4                in_pcballoc
                0x00055158                in_pcbdetach
                0x000551ac                in_pcbbind
                0x00055400                in_pcbconnect
                0x00055610                in_pcbdisconnect
                0x00055670                in_setsockaddr
                0x000556ec                in_setpeeraddr
                0x00055768                in_pcblookup
 .text          0x000559c4     0x1a74 ../web_server_bsp/\libucosii_bsp.a(vfsfiles.o)
                0x000559c4                set_vfopen_error
                0x000559ec                get_vfopen_error
                0x00055a0c                vf_alloc_and_link_vop
                0x00055a88                vf_alloc_buffer
                0x00055b60                vf_free_buffer
                0x00055bb0                vfopen_locked
                0x00055f18                vfopen
                0x00055f68                vfclose_locked
                0x00056110                vfclose
                0x00056150                vfflush
                0x00056198                vfgets
                0x0005627c                vfeof
                0x000562d4                vunlink_flag_open_files
                0x00056330                vunlink
                0x00056550                vfread
                0x000566fc                vfwrite_locked
                0x00056ae4                vfwrite
                0x00056b44                vfseek
                0x00056cc0                vftell
                0x00056df4                vgetc_locked
                0x00056f14                vgetc
                0x00056f5c                vfslookup_locked
                0x00057094                vfslookup
                0x000570dc                strippath
                0x000572c4                isvfile_locked
                0x00057328                isvfile
                0x00057370                vferror
                0x000573dc                vclearerr
 .text          0x00057438       0x24 ../web_server_bsp/\libucosii_bsp.a(vfsport.o)
                0x00057438                prep_vfs
 .text          0x0005745c        0x0 ../web_server_bsp/\libucosii_bsp.a(alt_exception_entry.o)
 .text          0x0005745c      0x1b4 ../web_server_bsp/\libucosii_bsp.a(alt_fcntl.o)
                0x0005745c                alt_fcntl
 .text          0x00057610       0x90 ../web_server_bsp/\libucosii_bsp.a(alt_icache_flush.o)
                0x00057610                alt_icache_flush
 .text          0x000576a0     0x130c ../web_server_bsp/\libucosii_bsp.a(icmp.o)
                0x000576a0                icmprcv
                0x000582d4                icmp_destun
                0x00058624                icmp_timex
                0x00058958                icmp_du
 .text          0x000589ac       0x14 c:/altera/12.0/nios2eds/bin/gnu/h-i686-mingw32/bin/../lib/gcc/nios2-elf/4.1.2/../../../../nios2-elf/lib\libc.a(lib_a-atexit.o)
                0x000589ac                atexit
 .text          0x000589c0       0x1c c:/altera/12.0/nios2eds/bin/gnu/h-i686-mingw32/bin/../lib/gcc/nios2-elf/4.1.2/../../../../nios2-elf/lib\libc.a(lib_a-calloc.o)
                0x000589c0                calloc
 .text          0x000589dc       0x38 c:/altera/12.0/nios2eds/bin/gnu/h-i686-mingw32/bin/../lib/gcc/nios2-elf/4.1.2/../../../../nios2-elf/lib\libc.a(lib_a-exit.o)
                0x000589dc                exit
 .text          0x00058a14       0x28 c:/altera/12.0/nios2eds/bin/gnu/h-i686-mingw32/bin/../lib/gcc/nios2-elf/4.1.2/../../../../nios2-elf/lib\libc.a(lib_a-malloc.o)
                0x00058a14                free
                0x00058a28                malloc
 .text          0x00058a3c       0x34 c:/altera/12.0/nios2eds/bin/gnu/h-i686-mingw32/bin/../lib/gcc/nios2-elf/4.1.2/../../../../nios2-elf/lib\libc.a(lib_a-vprintf.o)
                0x00058a3c                _vprintf_r
                0x00058a50                vprintf
 .text          0x00058a70       0x74 c:/altera/12.0/nios2eds/bin/gnu/h-i686-mingw32/bin/../lib/gcc/nios2-elf/4.1.2/../../../../nios2-elf/lib\libc.a(lib_a-vsprintf.o)
                0x00058a70                _vsprintf_r
                0x00058ac0                vsprintf
 .text          0x00058ae4      0x134 c:/altera/12.0/nios2eds/bin/gnu/h-i686-mingw32/bin/../lib/gcc/nios2-elf/4.1.2/../../../../nios2-elf/lib\libc.a(lib_a-__atexit.o)
                0x00058ae4                __register_exitproc
 .text          0x00058c18      0x1b4 c:/altera/12.0/nios2eds/bin/gnu/h-i686-mingw32/bin/../lib/gcc/nios2-elf/4.1.2/../../../../nios2-elf/lib\libc.a(lib_a-__call_atexit.o)
                0x00058c1c                __call_exitprocs
 .text          0x00058dcc       0x6c ../web_server_bsp/\libucosii_bsp.a(alt_exit.o)
                0x00058e0c                _exit
 *(.gnu.warning.*)
 *(.fini)
                0x00058e38                PROVIDE (__etext, ABSOLUTE (.))
                0x00058e38                PROVIDE (_etext, ABSOLUTE (.))
                0x00058e38                PROVIDE (etext, ABSOLUTE (.))
 *(.eh_frame_hdr)
                0x00058e38                . = ALIGN (0x4)
                0x00058e38                PROVIDE (__preinit_array_start, ABSOLUTE (.))
 *(.preinit_array)
                0x00058e38                PROVIDE (__preinit_array_end, ABSOLUTE (.))
                0x00058e38                PROVIDE (__init_array_start, ABSOLUTE (.))
 *(.init_array)
                0x00058e38                PROVIDE (__init_array_end, ABSOLUTE (.))
                0x00058e38                PROVIDE (__fini_array_start, ABSOLUTE (.))
 *(.fini_array)
                0x00058e38                PROVIDE (__fini_array_end, ABSOLUTE (.))
 *(.eh_frame)
 .eh_frame      0x00058e38       0x40 c:/altera/12.0/nios2eds/bin/gnu/h-i686-mingw32/bin/../lib/gcc/nios2-elf/4.1.2\libgcc.a(_udivdi3.o)
 .eh_frame      0x00058e78       0x2c c:/altera/12.0/nios2eds/bin/gnu/h-i686-mingw32/bin/../lib/gcc/nios2-elf/4.1.2\libgcc.a(_umoddi3.o)
                                 0x40 (size before relaxing)
 *(.gcc_except_table)
 *(.dynamic)
                0x00058ea4                PROVIDE (__CTOR_LIST__, ABSOLUTE (.))
 *(.ctors)
 *(SORT(.ctors.*))
 .ctors.65535   0x00058ea4        0x4 c:/altera/12.0/nios2eds/bin/gnu/h-i686-mingw32/bin/../lib/gcc/nios2-elf/4.1.2/../../../../nios2-elf/lib\libc.a(lib_a-__call_atexit.o)
                0x00058ea8                PROVIDE (__CTOR_END__, ABSOLUTE (.))
                0x00058ea8                PROVIDE (__DTOR_LIST__, ABSOLUTE (.))
 *(.dtors)
 *(SORT(.dtors.*))
                0x00058ea8                PROVIDE (__DTOR_END__, ABSOLUTE (.))
 *(.jcr)
                0x00058ea8                . = ALIGN (0x4)

.rodata         0x00058ea8     0x63e0
                0x00058ea8                PROVIDE (__ram_rodata_start, ABSOLUTE (.))
                0x00058ea8                . = ALIGN (0x4)
 *(.rodata .rodata.* .gnu.linkonce.r.*)
 .rodata        0x00058ea8      0x654 obj/default/alt_error_handler.o
 .rodata        0x000594fc      0x7a0 obj/default/http.o
 .rodata        0x00059c9c      0x218 obj/default/network_utilities.o